Archive member included to satisfy reference by file (symbol)

/usr/lib/gcc/arm-none-eabi/13.2.1/thumb/v6-m/nofp/libgcc.a(_dvmd_tls.o)
                              CMakeFiles/project-template.dir/home/hoagson/pico/pico-sdk/src/rp2_common/pico_divider/divider_hardware.S.o (__aeabi_idiv0)
/usr/lib/gcc/arm-none-eabi/13.2.1/../../../arm-none-eabi/lib/thumb/v6-m/nofp/libg.a(libc_a-calloc.o)
                              CMakeFiles/project-template.dir/home/hoagson/pico/pico-sdk/src/rp2_common/pico_malloc/malloc.c.o (calloc)
/usr/lib/gcc/arm-none-eabi/13.2.1/../../../arm-none-eabi/lib/thumb/v6-m/nofp/libg.a(libc_a-impure.o)
                              /usr/lib/gcc/arm-none-eabi/13.2.1/../../../arm-none-eabi/lib/thumb/v6-m/nofp/libg.a(libc_a-calloc.o) (_impure_ptr)
/usr/lib/gcc/arm-none-eabi/13.2.1/../../../arm-none-eabi/lib/thumb/v6-m/nofp/libg.a(libc_a-callocr.o)
                              /usr/lib/gcc/arm-none-eabi/13.2.1/../../../arm-none-eabi/lib/thumb/v6-m/nofp/libg.a(libc_a-calloc.o) (_calloc_r)
/usr/lib/gcc/arm-none-eabi/13.2.1/../../../arm-none-eabi/lib/thumb/v6-m/nofp/libg.a(libc_a-realloc.o)
                              CMakeFiles/project-template.dir/home/hoagson/pico/pico-sdk/src/rp2_common/pico_malloc/malloc.c.o (realloc)
/usr/lib/gcc/arm-none-eabi/13.2.1/../../../arm-none-eabi/lib/thumb/v6-m/nofp/libg.a(libc_a-mallocr.o)
                              /usr/lib/gcc/arm-none-eabi/13.2.1/../../../arm-none-eabi/lib/thumb/v6-m/nofp/libg.a(libc_a-callocr.o) (_malloc_r)
/usr/lib/gcc/arm-none-eabi/13.2.1/../../../arm-none-eabi/lib/thumb/v6-m/nofp/libg.a(libc_a-freer.o)
                              /usr/lib/gcc/arm-none-eabi/13.2.1/../../../arm-none-eabi/lib/thumb/v6-m/nofp/libg.a(libc_a-mallocr.o) (_free_r)
/usr/lib/gcc/arm-none-eabi/13.2.1/../../../arm-none-eabi/lib/thumb/v6-m/nofp/libg.a(libc_a-memcmp.o)
                              CMakeFiles/project-template.dir/home/hoagson/pico/pico-sdk/src/rp2_common/pico_atomic/atomic.c.o (memcmp)
/usr/lib/gcc/arm-none-eabi/13.2.1/../../../arm-none-eabi/lib/thumb/v6-m/nofp/libg.a(libc_a-malloc.o)
                              CMakeFiles/project-template.dir/home/hoagson/pico/pico-sdk/src/rp2_common/pico_malloc/malloc.c.o (malloc)
/usr/lib/gcc/arm-none-eabi/13.2.1/../../../arm-none-eabi/lib/thumb/v6-m/nofp/libg.a(libc_a-sysconf.o)
                              /usr/lib/gcc/arm-none-eabi/13.2.1/../../../arm-none-eabi/lib/thumb/v6-m/nofp/libg.a(libc_a-mallocr.o) (sysconf)
/usr/lib/gcc/arm-none-eabi/13.2.1/../../../arm-none-eabi/lib/thumb/v6-m/nofp/libg.a(libc_a-init.o)
                              /usr/lib/gcc/arm-none-eabi/13.2.1/../../../arm-none-eabi/lib/thumb/v6-m/nofp/crt0.o (__libc_init_array)
/usr/lib/gcc/arm-none-eabi/13.2.1/../../../arm-none-eabi/lib/thumb/v6-m/nofp/libg.a(libc_a-reallocr.o)
                              /usr/lib/gcc/arm-none-eabi/13.2.1/../../../arm-none-eabi/lib/thumb/v6-m/nofp/libg.a(libc_a-realloc.o) (_realloc_r)
/usr/lib/gcc/arm-none-eabi/13.2.1/../../../arm-none-eabi/lib/thumb/v6-m/nofp/libg.a(libc_a-mktime.o)
                              CMakeFiles/project-template.dir/home/hoagson/pico/pico-sdk/src/common/pico_util/datetime.c.o (mktime)
/usr/lib/gcc/arm-none-eabi/13.2.1/../../../arm-none-eabi/lib/thumb/v6-m/nofp/libg.a(libc_a-mlock.o)
                              /usr/lib/gcc/arm-none-eabi/13.2.1/../../../arm-none-eabi/lib/thumb/v6-m/nofp/libg.a(libc_a-mallocr.o) (__malloc_lock)
/usr/lib/gcc/arm-none-eabi/13.2.1/../../../arm-none-eabi/lib/thumb/v6-m/nofp/libg.a(libc_a-findfp.o)
                              /usr/lib/gcc/arm-none-eabi/13.2.1/../../../arm-none-eabi/lib/thumb/v6-m/nofp/libg.a(libc_a-impure.o) (__sf)
/usr/lib/gcc/arm-none-eabi/13.2.1/../../../arm-none-eabi/lib/thumb/v6-m/nofp/libg.a(libc_a-tzlock.o)
                              /usr/lib/gcc/arm-none-eabi/13.2.1/../../../arm-none-eabi/lib/thumb/v6-m/nofp/libg.a(libc_a-mktime.o) (__tz_lock)
/usr/lib/gcc/arm-none-eabi/13.2.1/../../../arm-none-eabi/lib/thumb/v6-m/nofp/libg.a(libc_a-atexit.o)
                              /usr/lib/gcc/arm-none-eabi/13.2.1/../../../arm-none-eabi/lib/thumb/v6-m/nofp/crt0.o (atexit)
/usr/lib/gcc/arm-none-eabi/13.2.1/../../../arm-none-eabi/lib/thumb/v6-m/nofp/libg.a(libc_a-lcltime_r.o)
                              CMakeFiles/project-template.dir/home/hoagson/pico/pico-sdk/src/common/pico_util/datetime.c.o (localtime_r)
/usr/lib/gcc/arm-none-eabi/13.2.1/../../../arm-none-eabi/lib/thumb/v6-m/nofp/libg.a(libc_a-strlen-stub.o)
                              CMakeFiles/project-template.dir/home/hoagson/pico/pico-sdk/src/rp2_common/pico_stdio/stdio.c.o (strlen)
/usr/lib/gcc/arm-none-eabi/13.2.1/../../../arm-none-eabi/lib/thumb/v6-m/nofp/libg.a(libc_a-sbrkr.o)
                              /usr/lib/gcc/arm-none-eabi/13.2.1/../../../arm-none-eabi/lib/thumb/v6-m/nofp/libg.a(libc_a-mallocr.o) (_sbrk_r)
/usr/lib/gcc/arm-none-eabi/13.2.1/../../../arm-none-eabi/lib/thumb/v6-m/nofp/libg.a(libc_a-fini.o)
[...]
Memory Configuration

Name             Origin             Length             Attributes
FLASH            0x10000000         0x00200000         xr
RAM              0x20000000         0x00040000         xrw
SCRATCH_X        0x20040000         0x00001000         xrw
SCRATCH_Y        0x20041000         0x00001000         xrw
*default*        0x00000000         0xffffffff

Linker script and memory map

LOAD /usr/lib/gcc/arm-none-eabi/13.2.1/thumb/v6-m/nofp/crti.o
LOAD /usr/lib/gcc/arm-none-eabi/13.2.1/thumb/v6-m/nofp/crtbegin.o
LOAD /usr/lib/gcc/arm-none-eabi/13.2.1/../../../arm-none-eabi/lib/thumb/v6-m/nofp/crt0.o

.flash_begin    0x10000000        0x0
                0x10000000                        __flash_binary_start = .

.boot2          0x10000000      0x100
                0x10000000                        __boot2_start__ = .
 *(.boot2)
 .boot2         0x10000000      0x100 pico-sdk/src/rp2040/boot_stage2/CMakeFiles/bs2_default_library.dir/bs2_default_padded_checksummed.S.o
                0x10000100                        __boot2_end__ = .
                0x00000001                        ASSERT (((__boot2_end__ - __boot2_start__) == 0x100), ERROR: Pico second stage bootloader must be 256 bytes in size)

.text           0x10000100     0x7300
                0x10000100                        __logical_binary_start = .
 *(.vectors)
 .vectors       0x10000100       0xd4 CMakeFiles/project-template.dir/home/hoagson/pico/pico-sdk/src/rp2_common/pico_crt0/crt0.S.o
                0x10000100                __vectors
                0x10000100                __VECTOR_TABLE
                0x100001c0                isr_irq30
                0x100001c0                __unhandled_user_irq
                0x100001c0                isr_irq13
                0x100001c0                isr_irq27
                0x100001c0                isr_irq31
                0x100001c0                isr_irq5
                0x100001c0                isr_irq11
                0x100001c0                isr_irq23
                0x100001c0                isr_irq18
                0x100001c0                isr_irq28
                0x100001c0                isr_irq19
                0x100001c0                isr_irq0
                0x100001c0                isr_irq6
                0x100001c0                isr_irq22
                0x100001c0                isr_irq17
                0x100001c0                isr_irq14
                0x100001c0                __vectors_end
                0x100001c0                __default_isrs_start
                0x100001c0                isr_irq2
                0x100001c0                isr_irq10
                0x100001c0                isr_irq8
                0x100001c0                isr_irq24
                0x100001c0                isr_irq1
                0x100001c0                isr_irq7
                0x100001c0                isr_irq21
                0x100001c0                isr_irq20
                0x100001c0                isr_irq15
                0x100001c0                isr_irq25
                0x100001c0                isr_irq4
                0x100001c0                isr_irq16
                0x100001c0                isr_irq29
                0x100001c0                isr_irq26
                0x100001c0                isr_irq3
                0x100001c0                isr_irq12
                0x100001c0                isr_irq9
                0x100001c6                unhandled_user_irq_num_in_r0
                0x100001c8                isr_invalid
                0x100001ca                isr_nmi
                0x100001cc                isr_hardfault
                0x100001ce                isr_svcall
                0x100001d0                isr_pendsv
                0x100001d2                isr_systick
                0x100001d4                __default_isrs_end
 *(.binary_info_header)
 .binary_info_header
                0x100001d4       0x14 CMakeFiles/project-template.dir/home/hoagson/pico/pico-sdk/src/rp2_common/pico_crt0/crt0.S.o
                0x100001e8                        __binary_info_header_end = .
 *(.embedded_block)
                0x100001e8                        __embedded_block_end = .
 *(.reset)
 .reset         0x100001e8       0x9c CMakeFiles/project-template.dir/home/hoagson/pico/pico-sdk/src/rp2_common/pico_crt0/crt0.S.o
                0x100001e8                _entry_point
 *(.init)
 .init          0x10000284        0x4 /usr/lib/gcc/arm-none-eabi/13.2.1/thumb/v6-m/nofp/crti.o
                0x10000284                _init
 *(EXCLUDE_FILE(*libm.a: *libc.a:*lib_a-mem*.o *libgcc.a:) .text*)
 .text          0x10000288       0x98 /usr/lib/gcc/arm-none-eabi/13.2.1/thumb/v6-m/nofp/crtbegin.o
 .text.gpio_callback
                0x10000320       0x74 CMakeFiles/project-template.dir/main.c.o
                0x10000320                gpio_callback
 .text.io_exp_write
                0x10000394       0x4c CMakeFiles/project-template.dir/main.c.o
                0x10000394                io_exp_write
 .text.temp_set_thresholds
                0x100003e0       0x44 CMakeFiles/project-template.dir/main.c.o
                0x100003e0                temp_set_thresholds
 .text.amb_light_init_interrupt
                0x10000424       0xd0 CMakeFiles/project-template.dir/main.c.o
                0x10000424                amb_light_init_interrupt
 .text.startup.main
                0x100004f4      0x3d8 CMakeFiles/project-template.dir/main.c.o
                0x100004f4                main
 .text.gpio_default_irq_handler
                0x100008cc      0x274 CMakeFiles/project-template.dir/home/hoagson/pico/pico-sdk/src/rp2_common/hardware_gpio/gpio.c.o
 .text.gpio_set_function
                0x10000b40       0x34 CMakeFiles/project-template.dir/home/hoagson/pico/pico-sdk/src/rp2_common/hardware_gpio/gpio.c.o
                0x10000b40                gpio_set_function
 .text.gpio_set_pulls
                0x10000b74       0x28 CMakeFiles/project-template.dir/home/hoagson/pico/pico-sdk/src/rp2_common/hardware_gpio/gpio.c.o
                0x10000b74                gpio_set_pulls
 .text.gpio_set_irq_enabled
                0x10000b9c       0x58 CMakeFiles/project-template.dir/home/hoagson/pico/pico-sdk/src/rp2_common/hardware_gpio/gpio.c.o
                0x10000b9c                gpio_set_irq_enabled
 .text.gpio_set_irq_enabled_with_callback
                0x10000bf4       0xd0 CMakeFiles/project-template.dir/home/hoagson/pico/pico-sdk/src/rp2_common/hardware_gpio/gpio.c.o
                0x10000bf4                gpio_set_irq_enabled_with_callback
 .text.gpio_init
                0x10000cc4       0x40 CMakeFiles/project-template.dir/home/hoagson/pico/pico-sdk/src/rp2_common/hardware_gpio/gpio.c.o
                0x10000cc4                gpio_init
 .text.rp2040_chip_version
                0x10000d04        0xc CMakeFiles/project-template.dir/home/hoagson/pico/pico-sdk/src/rp2040/pico_platform/platform.c.o
                0x10000d04                rp2040_chip_version
 .text.panic    0x10000d10       0x30 CMakeFiles/project-template.dir/home/hoagson/pico/pico-sdk/src/rp2_common/pico_platform_panic/panic.c.o
                0x10000d10                panic
 .text.hw_claim_or_assert
                0x10000d40       0x44 CMakeFiles/project-template.dir/home/hoagson/pico/pico-sdk/src/common/hardware_claim/claim.c.o
                0x10000d40                hw_claim_or_assert
 .text.hw_claim_unused_from_range
                0x10000d84       0x9c CMakeFiles/project-template.dir/home/hoagson/pico/pico-sdk/src/common/hardware_claim/claim.c.o
                0x10000d84                hw_claim_unused_from_range
 .text.next_striped_spin_lock_num
                0x10000e20       0x18 CMakeFiles/project-template.dir/home/hoagson/pico/pico-sdk/src/rp2_common/hardware_sync/sync.c.o
                0x10000e20                next_striped_spin_lock_num
 .text.spin_lock_claim_unused
                0x10000e38       0x24 CMakeFiles/project-template.dir/home/hoagson/pico/pico-sdk/src/rp2_common/hardware_sync/sync.c.o
                0x10000e38                spin_lock_claim_unused
 .text.spin_locks_reset
                0x10000e5c       0x1c CMakeFiles/project-template.dir/home/hoagson/pico/pico-sdk/src/rp2_common/hardware_sync_spin_lock/sync_spin_lock.c.o
                0x10000e5c                spin_locks_reset
 .text.runtime_init_per_core_irq_priorities
                0x10000e78       0x24 CMakeFiles/project-template.dir/home/hoagson/pico/pico-sdk/src/rp2_common/hardware_irq/irq.c.o
                0x10000e78                runtime_init_per_core_irq_priorities
 .text.irq_set_enabled
                0x10000e9c       0x24 CMakeFiles/project-template.dir/home/hoagson/pico/pico-sdk/src/rp2_common/hardware_irq/irq.c.o
                0x10000e9c                irq_set_enabled
 .text.irq_is_enabled
                0x10000ec0       0x18 CMakeFiles/project-template.dir/home/hoagson/pico/pico-sdk/src/rp2_common/hardware_irq/irq.c.o
                0x10000ec0                irq_is_enabled
 .text.irq_set_pending
                0x10000ed8       0x10 CMakeFiles/project-template.dir/home/hoagson/pico/pico-sdk/src/rp2_common/hardware_irq/irq.c.o
                0x10000ed8                irq_set_pending
 .text.irq_has_shared_handler
                0x10000ee8       0x24 CMakeFiles/project-template.dir/home/hoagson/pico/pico-sdk/src/rp2_common/hardware_irq/irq.c.o
                0x10000ee8                irq_has_shared_handler
 .text.irq_set_exclusive_handler
                0x10000f0c       0x54 CMakeFiles/project-template.dir/home/hoagson/pico/pico-sdk/src/rp2_common/hardware_irq/irq.c.o
                0x10000f0c                irq_set_exclusive_handler
 .text.irq_add_shared_handler
                0x10000f60      0x1f4 CMakeFiles/project-template.dir/home/hoagson/pico/pico-sdk/src/rp2_common/hardware_irq/irq.c.o
                0x10000f60                irq_add_shared_handler
 .text.irq_remove_handler
                0x10001154      0x1d4 CMakeFiles/project-template.dir/home/hoagson/pico/pico-sdk/src/rp2_common/hardware_irq/irq.c.o
                0x10001154                irq_remove_handler
 .text.irq_add_tail_to_free_list
                0x10001328       0xb4 CMakeFiles/project-template.dir/home/hoagson/pico/pico-sdk/src/rp2_common/hardware_irq/irq.c.o
                0x10001328                irq_add_tail_to_free_list
 .text.user_irq_claim_unused
                0x100013dc       0x2c CMakeFiles/project-template.dir/home/hoagson/pico/pico-sdk/src/rp2_common/hardware_irq/irq.c.o
                0x100013dc                user_irq_claim_unused
 .text.lock_init
                0x10001408       0x10 CMakeFiles/project-template.dir/home/hoagson/pico/pico-sdk/src/common/pico_sync/lock_core.c.o
                0x10001408                lock_init
 .text.runtime_init_mutex
                0x10001418       0x50 CMakeFiles/project-template.dir/home/hoagson/pico/pico-sdk/src/common/pico_sync/mutex.c.o
                0x10001418                runtime_init_mutex
 .text.mutex_init
                0x10001468       0x1c CMakeFiles/project-template.dir/home/hoagson/pico/pico-sdk/src/common/pico_sync/mutex.c.o
                0x10001468                mutex_init
 .text.critical_section_init
                0x10001484       0x1c CMakeFiles/project-template.dir/home/hoagson/pico/pico-sdk/src/common/pico_sync/critical_section.c.o
                0x10001484                critical_section_init
 .text.critical_section_init_with_lock_num
                0x100014a0       0x14 CMakeFiles/project-template.dir/home/hoagson/pico/pico-sdk/src/common/pico_sync/critical_section.c.o
                0x100014a0                critical_section_init_with_lock_num
 .text.sleep_until_callback
                0x100014b4       0x30 CMakeFiles/project-template.dir/home/hoagson/pico/pico-sdk/src/common/pico_time/time.c.o
 .text.alarm_pool_irq_handler
                0x100014e4      0x2fc CMakeFiles/project-template.dir/home/hoagson/pico/pico-sdk/src/common/pico_time/time.c.o
 .text.runtime_init_default_alarm_pool
                0x100017e0       0xdc CMakeFiles/project-template.dir/home/hoagson/pico/pico-sdk/src/common/pico_time/time.c.o
                0x100017e0                runtime_init_default_alarm_pool
 .text.alarm_pool_get_default
                0x100018bc        0x8 CMakeFiles/project-template.dir/home/hoagson/pico/pico-sdk/src/common/pico_time/time.c.o
                0x100018bc                alarm_pool_get_default
 .text.alarm_pool_add_alarm_at
                0x100018c4       0xd4 CMakeFiles/project-template.dir/home/hoagson/pico/pico-sdk/src/common/pico_time/time.c.o
                0x100018c4                alarm_pool_add_alarm_at
 .text.alarm_pool_add_alarm_at_force_in_context
                0x10001998       0xb0 CMakeFiles/project-template.dir/home/hoagson/pico/pico-sdk/src/common/pico_time/time.c.o
                0x10001998                alarm_pool_add_alarm_at_force_in_context
 .text.alarm_pool_cancel_alarm
                0x10001a48       0x74 CMakeFiles/project-template.dir/home/hoagson/pico/pico-sdk/src/common/pico_time/time.c.o
                0x10001a48                alarm_pool_cancel_alarm
 .text.alarm_pool_core_num
                0x10001abc        0x4 CMakeFiles/project-template.dir/home/hoagson/pico/pico-sdk/src/common/pico_time/time.c.o
                0x10001abc                alarm_pool_core_num
 .text.sleep_until
                0x10001ac0       0xd8 CMakeFiles/project-template.dir/home/hoagson/pico/pico-sdk/src/common/pico_time/time.c.o
                0x10001ac0                sleep_until
 .text.sleep_ms
                0x10001b98       0x38 CMakeFiles/project-template.dir/home/hoagson/pico/pico-sdk/src/common/pico_time/time.c.o
                0x10001b98                sleep_ms
 .text.best_effort_wfe_or_timeout
                0x10001bd0       0xf8 CMakeFiles/project-template.dir/home/hoagson/pico/pico-sdk/src/common/pico_time/time.c.o
                0x10001bd0                best_effort_wfe_or_timeout
 .text.timer_hardware_alarm_claim
                0x10001cc8       0x14 CMakeFiles/project-template.dir/home/hoagson/pico/pico-sdk/src/rp2_common/hardware_timer/timer.c.o
                0x10001cc8                timer_hardware_alarm_claim
 .text.timer_time_us_64
                0x10001cdc       0x10 CMakeFiles/project-template.dir/home/hoagson/pico/pico-sdk/src/rp2_common/hardware_timer/timer.c.o
                0x10001cdc                timer_time_us_64
 .text.time_us_64
                0x10001cec       0x14 CMakeFiles/project-template.dir/home/hoagson/pico/pico-sdk/src/rp2_common/hardware_timer/timer.c.o
                0x10001cec                time_us_64
 .text.busy_wait_until
                0x10001d00       0x20 CMakeFiles/project-template.dir/home/hoagson/pico/pico-sdk/src/rp2_common/hardware_timer/timer.c.o
                0x10001d00                busy_wait_until
 .text.clock_configure_int_divider
                0x10001d20       0xf4 CMakeFiles/project-template.dir/home/hoagson/pico/pico-sdk/src/rp2_common/hardware_clocks/clocks.c.o
                0x10001d20                clock_configure_int_divider
 .text.clock_configure_undivided
                0x10001e14       0xe8 CMakeFiles/project-template.dir/home/hoagson/pico/pico-sdk/src/rp2_common/hardware_clocks/clocks.c.o
                0x10001e14                clock_configure_undivided
 .text.clock_get_hz
                0x10001efc        0xc CMakeFiles/project-template.dir/home/hoagson/pico/pico-sdk/src/rp2_common/hardware_clocks/clocks.c.o
                0x10001efc                clock_get_hz
 .text.pll_init
                0x10001f08       0xa4 CMakeFiles/project-template.dir/home/hoagson/pico/pico-sdk/src/rp2_common/hardware_pll/pll.c.o
                0x10001f08                pll_init
 .text.watchdog_reboot
                0x10001fac       0x9c CMakeFiles/project-template.dir/home/hoagson/pico/pico-sdk/src/rp2_common/hardware_watchdog/watchdog.c.o
                0x10001fac                watchdog_reboot
 .text.tick_start
                0x10002048       0x10 CMakeFiles/project-template.dir/home/hoagson/pico/pico-sdk/src/rp2_common/hardware_ticks/ticks.c.o
                0x10002048                tick_start
 .text.rom_func_lookup
                0x10002058       0x10 CMakeFiles/project-template.dir/home/hoagson/pico/pico-sdk/src/rp2_common/pico_bootrom/bootrom.c.o
                0x10002058                rom_func_lookup
 .text.rom_data_lookup
                0x10002068       0x10 CMakeFiles/project-template.dir/home/hoagson/pico/pico-sdk/src/rp2_common/pico_bootrom/bootrom.c.o
                0x10002068                rom_data_lookup
 .text.rom_funcs_lookup
                0x10002078       0x44 CMakeFiles/project-template.dir/home/hoagson/pico/pico-sdk/src/rp2_common/pico_bootrom/bootrom.c.o
                0x10002078                rom_funcs_lookup
 .text.rom_reset_usb_boot_extra
                0x100020bc       0x28 CMakeFiles/project-template.dir/home/hoagson/pico/pico-sdk/src/rp2_common/pico_bootrom/bootrom.c.o
                0x100020bc                rom_reset_usb_boot_extra
 .text.xosc_init
                0x100020e4       0x28 CMakeFiles/project-template.dir/home/hoagson/pico/pico-sdk/src/rp2_common/hardware_xosc/xosc.c.o
                0x100020e4                xosc_init
 .text.first_per_core_initializer
                0x1000210c        0x4 CMakeFiles/project-template.dir/home/hoagson/pico/pico-sdk/src/rp2_common/pico_runtime/runtime.c.o
 .text.hard_assertion_failure
                0x10002110        0xc CMakeFiles/project-template.dir/home/hoagson/pico/pico-sdk/src/rp2_common/pico_runtime/runtime.c.o
                0x10002110                hard_assertion_failure
 .text.runtime_run_initializers
                0x1000211c       0x28 CMakeFiles/project-template.dir/home/hoagson/pico/pico-sdk/src/rp2_common/pico_runtime/runtime.c.o
                0x1000211c                runtime_run_initializers
 .text.runtime_init_early_resets
                0x10002144       0x2c CMakeFiles/project-template.dir/home/hoagson/pico/pico-sdk/src/rp2_common/pico_runtime_init/runtime_init.c.o
                0x10002144                runtime_init_early_resets
 .text.runtime_init_usb_power_down
                0x10002170       0x1c CMakeFiles/project-template.dir/home/hoagson/pico/pico-sdk/src/rp2_common/pico_runtime_init/runtime_init.c.o
                0x10002170                runtime_init_usb_power_down
 .text.runtime_init_post_clock_resets
                0x1000218c       0x20 CMakeFiles/project-template.dir/home/hoagson/pico/pico-sdk/src/rp2_common/pico_runtime_init/runtime_init.c.o
                0x1000218c                runtime_init_post_clock_resets
 .text.runtime_init_rp2040_gpio_ie_disable
                0x100021ac       0x14 CMakeFiles/project-template.dir/home/hoagson/pico/pico-sdk/src/rp2_common/pico_runtime_init/runtime_init.c.o
                0x100021ac                runtime_init_rp2040_gpio_ie_disable
 .text.runtime_init_spin_locks_reset
                0x100021c0        0x8 CMakeFiles/project-template.dir/home/hoagson/pico/pico-sdk/src/rp2_common/pico_runtime_init/runtime_init.c.o
                0x100021c0                runtime_init_spin_locks_reset
 .text.runtime_init_install_ram_vector_table
                0x100021c8       0xb4 CMakeFiles/project-template.dir/home/hoagson/pico/pico-sdk/src/rp2_common/pico_runtime_init/runtime_init.c.o
                0x100021c8                runtime_init_install_ram_vector_table
 .text.runtime_init_clocks
                0x1000227c       0xd8 CMakeFiles/project-template.dir/home/hoagson/pico/pico-sdk/src/rp2_common/pico_runtime_init/runtime_init_clocks.c.o
                0x1000227c                runtime_init_clocks
 .text          0x10002354       0x10 CMakeFiles/project-template.dir/home/hoagson/pico/pico-sdk/src/rp2_common/pico_bit_ops/bit_ops_aeabi.S.o
 .text.__wrap___aeabi_idiv
                0x10002364       0x50 CMakeFiles/project-template.dir/home/hoagson/pico/pico-sdk/src/rp2_common/pico_divider/divider_hardware.S.o
                0x10002364                __wrap___aeabi_idivmod
                0x10002364                divmod_s32s32
                0x10002364                div_s32s32
                0x10002364                __wrap___aeabi_idiv
                0x1000236c                divmod_s32s32_unsafe
                0x10002398                divmod_s32s32_savestate
 .text.__wrap___aeabi_uidiv
                0x100023b4       0x4c CMakeFiles/project-template.dir/home/hoagson/pico/pico-sdk/src/rp2_common/pico_divider/divider_hardware.S.o
                0x100023b4                __wrap___aeabi_uidiv
                0x100023b4                __wrap___aeabi_uidivmod
                0x100023b4                div_u32u32
                0x100023b4                divmod_u32u32
                0x100023bc                divmod_u32u32_unsafe
                0x100023e4                divmod_u32u32_savestate
 .text.__wrap___aeabi_ldiv
                0x10002400      0x424 CMakeFiles/project-template.dir/home/hoagson/pico/pico-sdk/src/rp2_common/pico_divider/divider_hardware.S.o
                0x10002400                div_s64s64
                0x10002400                divmod_s64s64
                0x10002400                __wrap___aeabi_ldivmod
                0x10002430                div_u64u64
                0x10002430                divmod_u64u64
                0x10002430                __wrap___aeabi_uldivmod
                0x10002440                divmod_u64u64_savestate
                0x10002460                divmod_s64s64_unsafe
                0x100024e8                divmod_u64u64_unsafe
 .text.__wrap___aeabi_darithmetic
                0x10002824       0x60 CMakeFiles/project-template.dir/home/hoagson/pico/pico-sdk/src/rp2_common/pico_double/double_aeabi_rp2040.S.o
                0x10002824                __wrap___aeabi_drsub
                0x1000282a                __wrap___aeabi_dsub
                0x10002834                __wrap___aeabi_dadd
                0x1000283e                __wrap___aeabi_ddiv
                0x10002872                __wrap___aeabi_dmul
 .text.__wrap___aeabi_cdcmple
                0x10002884       0x6c CMakeFiles/project-template.dir/home/hoagson/pico/pico-sdk/src/rp2_common/pico_double/double_aeabi_rp2040.S.o
                0x10002884                __wrap___aeabi_cdrcmple
                0x10002894                __wrap___aeabi_cdcmple
                0x10002894                __wrap___aeabi_cdcmpeq
 .text.__wrap___aeabi_dcmplt
                0x100028f0        0xc CMakeFiles/project-template.dir/home/hoagson/pico/pico-sdk/src/rp2_common/pico_double/double_aeabi_rp2040.S.o
                0x100028f0                __wrap___aeabi_dcmplt
 .text.__wrap___aeabi_dcmpge
                0x100028fc       0x10 CMakeFiles/project-template.dir/home/hoagson/pico/pico-sdk/src/rp2_common/pico_double/double_aeabi_rp2040.S.o
                0x100028fc                __wrap___aeabi_dcmpge
 .text.__wrap___aeabi_dcmpgt
                0x1000290c        0xa CMakeFiles/project-template.dir/home/hoagson/pico/pico-sdk/src/rp2_common/pico_double/double_aeabi_rp2040.S.o
                0x1000290c                __wrap___aeabi_dcmpgt
 .text.__wrap___aeabi_dcmpun
                0x10002916       0x18 CMakeFiles/project-template.dir/home/hoagson/pico/pico-sdk/src/rp2_common/pico_double/double_aeabi_rp2040.S.o
                0x10002916                __wrap___aeabi_dcmpun
 *fill*         0x1000292e        0x2 
 .text.__wrap___aeabi_i2d
                0x10002930       0x38 CMakeFiles/project-template.dir/home/hoagson/pico/pico-sdk/src/rp2_common/pico_double/double_aeabi_rp2040.S.o
                0x10002930                __wrap___aeabi_ui2d
                0x10002930                uint2double
                0x10002938                __wrap___aeabi_i2d
                0x10002938                int2double
 .text.__wrap___aeabi_d2iz
                0x10002968       0x48 CMakeFiles/project-template.dir/home/hoagson/pico/pico-sdk/src/rp2_common/pico_double/double_aeabi_rp2040.S.o
                0x10002968                __wrap___aeabi_d2iz
                0x10002968                double2int_z
 .text.__wrap___aeabi_d2uiz
                0x100029b0       0x10 CMakeFiles/project-template.dir/home/hoagson/pico/pico-sdk/src/rp2_common/pico_double/double_aeabi_rp2040.S.o
                0x100029b0                double2uint_z
                0x100029b0                double2uint
                0x100029b0                __wrap___aeabi_d2uiz
 .text.missing_double_func_shim
                0x100029c0        0xc CMakeFiles/project-template.dir/home/hoagson/pico/pico-sdk/src/rp2_common/pico_double/double_init_rom_rp2040.c.o
 .text.__aeabi_double_init
                0x100029cc       0xa0 CMakeFiles/project-template.dir/home/hoagson/pico/pico-sdk/src/rp2_common/pico_double/double_init_rom_rp2040.c.o
                0x100029cc                __aeabi_double_init
 .text.double_table_shim_on_use_helper
                0x10002a6c       0x2c CMakeFiles/project-template.dir/home/hoagson/pico/pico-sdk/src/rp2_common/pico_double/double_v1_rom_shim_rp2040.S.o
                0x10002a6c                double_table_shim_on_use_helper
 .text.__aeabi_lmul
                0x10002a98       0x32 CMakeFiles/project-template.dir/home/hoagson/pico/pico-sdk/src/rp2_common/pico_int64_ops/pico_int64_ops_aeabi.S.o
                0x10002a98                __wrap___aeabi_lmul
 *fill*         0x10002aca        0x2 
 .text.__wrap___aeabi_farithmetic
                0x10002acc       0x48 CMakeFiles/project-template.dir/home/hoagson/pico/pico-sdk/src/rp2_common/pico_float/float_aeabi_rp2040.S.o
                0x10002acc                __wrap___aeabi_frsub
                0x10002ad2                __wrap___aeabi_fsub
                0x10002ad8                __wrap___aeabi_fadd
                0x10002ade                __wrap___aeabi_fdiv
                0x10002b06                __wrap___aeabi_fmul
 .text.__wrap___aeabi_cfcmple
                0x10002b14       0x50 CMakeFiles/project-template.dir/home/hoagson/pico/pico-sdk/src/rp2_common/pico_float/float_aeabi_rp2040.S.o
                0x10002b14                __wrap___aeabi_cfrcmple
                0x10002b20                __wrap___aeabi_cfcmpeq
                0x10002b20                __wrap___aeabi_cfcmple
 .text.__wrap___aeabi_fcmplt
                0x10002b64        0xc CMakeFiles/project-template.dir/home/hoagson/pico/pico-sdk/src/rp2_common/pico_float/float_aeabi_rp2040.S.o
                0x10002b64                __wrap___aeabi_fcmplt
 .text.__wrap___aeabi_i2f
                0x10002b70       0x44 CMakeFiles/project-template.dir/home/hoagson/pico/pico-sdk/src/rp2_common/pico_float/float_aeabi_rp2040.S.o
                0x10002b70                int2float
                0x10002b70                __wrap___aeabi_i2f
 .text.__wrap___aeabi_f2uiz
                0x10002bb4        0xc CMakeFiles/project-template.dir/home/hoagson/pico/pico-sdk/src/rp2_common/pico_float/float_aeabi_rp2040.S.o
                0x10002bb4                float2uint
                0x10002bb4                float2uint_z
                0x10002bb4                __wrap___aeabi_f2uiz
 .text.__wrap___aeabi_f2d
                0x10002bc0        0xc CMakeFiles/project-template.dir/home/hoagson/pico/pico-sdk/src/rp2_common/pico_float/float_aeabi_rp2040.S.o
                0x10002bc0                __wrap___aeabi_f2d
 .text.missing_float_func_shim
                0x10002bcc        0xc CMakeFiles/project-template.dir/home/hoagson/pico/pico-sdk/src/rp2_common/pico_float/float_init_rom_rp2040.c.o
 .text.__aeabi_float_init
                0x10002bd8       0x5c CMakeFiles/project-template.dir/home/hoagson/pico/pico-sdk/src/rp2_common/pico_float/float_init_rom_rp2040.c.o
                0x10002bd8                __aeabi_float_init
 .text          0x10002c34       0x10 CMakeFiles/project-template.dir/home/hoagson/pico/pico-sdk/src/rp2_common/pico_mem_ops/mem_ops_aeabi.S.o
                0x10002c34                __aeabi_mem_init
 .text.memset   0x10002c44        0xc CMakeFiles/project-template.dir/home/hoagson/pico/pico-sdk/src/rp2_common/pico_mem_ops/mem_ops_aeabi.S.o
                0x10002c44                __wrap_memset
 .text.memcpy   0x10002c50        0xc CMakeFiles/project-template.dir/home/hoagson/pico/pico-sdk/src/rp2_common/pico_mem_ops/mem_ops_aeabi.S.o
                0x10002c50                __wrap___aeabi_memcpy
                0x10002c50                __wrap_memcpy
 .text._out_null
                0x10002c5c        0x4 CMakeFiles/project-template.dir/home/hoagson/pico/pico-sdk/src/rp2_common/pico_printf/printf.c.o
 .text._out_rev
                0x10002c60       0xac CMakeFiles/project-template.dir/home/hoagson/pico/pico-sdk/src/rp2_common/pico_printf/printf.c.o
 .text._ntoa_format
                0x10002d0c      0x250 CMakeFiles/project-template.dir/home/hoagson/pico/pico-sdk/src/rp2_common/pico_printf/printf.c.o
 .text._out_char
                0x10002f5c       0x10 CMakeFiles/project-template.dir/home/hoagson/pico/pico-sdk/src/rp2_common/pico_printf/printf.c.o
 .text._out_fct
                0x10002f6c       0x10 CMakeFiles/project-template.dir/home/hoagson/pico/pico-sdk/src/rp2_common/pico_printf/printf.c.o
 .text._etoa    0x10002f7c      0x464 CMakeFiles/project-template.dir/home/hoagson/pico/pico-sdk/src/rp2_common/pico_printf/printf.c.o
 .text._ftoa    0x100033e0      0x3c0 CMakeFiles/project-template.dir/home/hoagson/pico/pico-sdk/src/rp2_common/pico_printf/printf.c.o
 .text._vsnprintf
                0x100037a0      0xbc8 CMakeFiles/project-template.dir/home/hoagson/pico/pico-sdk/src/rp2_common/pico_printf/printf.c.o
 .text.vfctprintf
                0x10004368       0x20 CMakeFiles/project-template.dir/home/hoagson/pico/pico-sdk/src/rp2_common/pico_printf/printf.c.o
                0x10004368                vfctprintf
 .text.weak_raw_vprintf
                0x10004388       0x30 CMakeFiles/project-template.dir/home/hoagson/pico/pico-sdk/src/rp2_common/pico_printf/printf.c.o
                0x10004388                weak_raw_vprintf
 .text._exit    0x100043b8        0x4 CMakeFiles/project-template.dir/home/hoagson/pico/pico-sdk/src/rp2_common/pico_clib_interface/newlib_interface.c.o
                0x100043b8                _exit
 .text.exit     0x100043bc        0x8 CMakeFiles/project-template.dir/home/hoagson/pico/pico-sdk/src/rp2_common/pico_clib_interface/newlib_interface.c.o
                0x100043bc                exit
 .text.runtime_init
                0x100043c4       0x2c CMakeFiles/project-template.dir/home/hoagson/pico/pico-sdk/src/rp2_common/pico_clib_interface/newlib_interface.c.o
                0x100043c4                runtime_init
 .text.stdio_out_chars_no_crlf
                0x100043f0       0x10 CMakeFiles/project-template.dir/home/hoagson/pico/pico-sdk/src/rp2_common/pico_stdio/stdio.c.o
 .text.stdio_out_chars_crlf
                0x10004400       0x94 CMakeFiles/project-template.dir/home/hoagson/pico/pico-sdk/src/rp2_common/pico_stdio/stdio.c.o
 .text.stdio_buffered_printer
                0x10004494       0x64 CMakeFiles/project-template.dir/home/hoagson/pico/pico-sdk/src/rp2_common/pico_stdio/stdio.c.o
 .text.stdio_put_string
                0x100044f8      0x100 CMakeFiles/project-template.dir/home/hoagson/pico/pico-sdk/src/rp2_common/pico_stdio/stdio.c.o
                0x100044f8                stdio_put_string
 .text.stdio_set_driver_enabled
                0x100045f8       0x30 CMakeFiles/project-template.dir/home/hoagson/pico/pico-sdk/src/rp2_common/pico_stdio/stdio.c.o
                0x100045f8                stdio_set_driver_enabled
 .text.stdio_init_all
                0x10004628        0x8 CMakeFiles/project-template.dir/home/hoagson/pico/pico-sdk/src/rp2_common/pico_stdio/stdio.c.o
                0x10004628                stdio_init_all
 .text.__wrap_putchar
                0x10004630       0x98 CMakeFiles/project-template.dir/home/hoagson/pico/pico-sdk/src/rp2_common/pico_stdio/stdio.c.o
                0x10004630                stdio_putchar
                0x10004630                __wrap_putchar
 .text.__wrap_puts
                0x100046c8       0x3c CMakeFiles/project-template.dir/home/hoagson/pico/pico-sdk/src/rp2_common/pico_stdio/stdio.c.o
                0x100046c8                __wrap_puts
                0x100046c8                stdio_puts
 .text.__wrap_vprintf
                0x10004704       0xd4 CMakeFiles/project-template.dir/home/hoagson/pico/pico-sdk/src/rp2_common/pico_stdio/stdio.c.o
                0x10004704                __wrap_vprintf
                0x10004704                stdio_vprintf
 .text.__wrap_printf
                0x100047d8       0x18 CMakeFiles/project-template.dir/home/hoagson/pico/pico-sdk/src/rp2_common/pico_stdio/stdio.c.o
                0x100047d8                stdio_printf
                0x100047d8                __wrap_printf
 .text.resetd_init
                0x100047f0        0x4 CMakeFiles/project-template.dir/home/hoagson/pico/pico-sdk/src/rp2_common/pico_stdio_usb/reset_interface.c.o
 .text.resetd_reset
                0x100047f4        0xc CMakeFiles/project-template.dir/home/hoagson/pico/pico-sdk/src/rp2_common/pico_stdio_usb/reset_interface.c.o
 .text.resetd_open
                0x10004800       0x28 CMakeFiles/project-template.dir/home/hoagson/pico/pico-sdk/src/rp2_common/pico_stdio_usb/reset_interface.c.o
 .text.resetd_xfer_cb
                0x10004828        0x4 CMakeFiles/project-template.dir/home/hoagson/pico/pico-sdk/src/rp2_common/pico_stdio_usb/reset_interface.c.o
 .text.resetd_control_xfer_cb
                0x1000482c       0x5c CMakeFiles/project-template.dir/home/hoagson/pico/pico-sdk/src/rp2_common/pico_stdio_usb/reset_interface.c.o
 .text.tud_descriptor_bos_cb
                0x10004888        0x8 CMakeFiles/project-template.dir/home/hoagson/pico/pico-sdk/src/rp2_common/pico_stdio_usb/reset_interface.c.o
                0x10004888                tud_descriptor_bos_cb
 .text.tud_vendor_control_xfer_cb
                0x10004890       0x34 CMakeFiles/project-template.dir/home/hoagson/pico/pico-sdk/src/rp2_common/pico_stdio_usb/reset_interface.c.o
                0x10004890                tud_vendor_control_xfer_cb
 .text.usbd_app_driver_get_cb
                0x100048c4        0xc CMakeFiles/project-template.dir/home/hoagson/pico/pico-sdk/src/rp2_common/pico_stdio_usb/reset_interface.c.o
                0x100048c4                usbd_app_driver_get_cb
 .text.tud_cdc_line_coding_cb
                0x100048d0       0x2c CMakeFiles/project-template.dir/home/hoagson/pico/pico-sdk/src/rp2_common/pico_stdio_usb/reset_interface.c.o
                0x100048d0                tud_cdc_line_coding_cb
 .text.stdio_usb_set_chars_available_callback
                0x100048fc       0x14 CMakeFiles/project-template.dir/home/hoagson/pico/pico-sdk/src/rp2_common/pico_stdio_usb/stdio_usb.c.o
                0x100048fc                stdio_usb_set_chars_available_callback
 .text.usb_irq  0x10004910       0x10 CMakeFiles/project-template.dir/home/hoagson/pico/pico-sdk/src/rp2_common/pico_stdio_usb/stdio_usb.c.o
 .text.timer_task
                0x10004920       0x64 CMakeFiles/project-template.dir/home/hoagson/pico/pico-sdk/src/rp2_common/pico_stdio_usb/stdio_usb.c.o
 .text.stdio_usb_in_chars
                0x10004984       0x90 CMakeFiles/project-template.dir/home/hoagson/pico/pico-sdk/src/rp2_common/pico_stdio_usb/stdio_usb.c.o
                0x10004984                stdio_usb_in_chars
 .text.stdio_usb_out_flush
                0x10004a14       0x50 CMakeFiles/project-template.dir/home/hoagson/pico/pico-sdk/src/rp2_common/pico_stdio_usb/stdio_usb.c.o
 .text.stdio_usb_out_chars
                0x10004a64      0x104 CMakeFiles/project-template.dir/home/hoagson/pico/pico-sdk/src/rp2_common/pico_stdio_usb/stdio_usb.c.o
 .text.low_priority_worker_irq
                0x10004b68       0xcc CMakeFiles/project-template.dir/home/hoagson/pico/pico-sdk/src/rp2_common/pico_stdio_usb/stdio_usb.c.o
 .text.stdio_usb_init
                0x10004c34       0xe8 CMakeFiles/project-template.dir/home/hoagson/pico/pico-sdk/src/rp2_common/pico_stdio_usb/stdio_usb.c.o
                0x10004c34                stdio_usb_init
 .text.tud_descriptor_device_cb
                0x10004d1c        0x8 CMakeFiles/project-template.dir/home/hoagson/pico/pico-sdk/src/rp2_common/pico_stdio_usb/stdio_usb_descriptors.c.o
                0x10004d1c                tud_descriptor_device_cb
 .text.tud_descriptor_configuration_cb
                0x10004d24        0x8 CMakeFiles/project-template.dir/home/hoagson/pico/pico-sdk/src/rp2_common/pico_stdio_usb/stdio_usb_descriptors.c.o
                0x10004d24                tud_descriptor_configuration_cb
 .text.tud_descriptor_string_cb
                0x10004d2c       0x78 CMakeFiles/project-template.dir/home/hoagson/pico/pico-sdk/src/rp2_common/pico_stdio_usb/stdio_usb_descriptors.c.o
                0x10004d2c                tud_descriptor_string_cb
 .text.startup._retrieve_unique_id_on_boot
                0x10004da4       0x10 CMakeFiles/project-template.dir/home/hoagson/pico/pico-sdk/src/rp2_common/pico_unique_id/unique_id.c.o
 .text.pico_get_unique_board_id_string
                0x10004db4      0x1a8 CMakeFiles/project-template.dir/home/hoagson/pico/pico-sdk/src/rp2_common/pico_unique_id/unique_id.c.o
                0x10004db4                pico_get_unique_board_id_string
 .text.flash_get_unique_id
                0x10004f5c       0x3c CMakeFiles/project-template.dir/home/hoagson/pico/pico-sdk/src/rp2_common/hardware_flash/flash.c.o
                0x10004f5c                flash_get_unique_id
 .text.dcd_init
                0x10004f98       0x8c CMakeFiles/project-template.dir/home/hoagson/pico/pico-sdk/lib/tinyusb/src/portable/raspberrypi/rp2040/dcd_rp2040.c.o
                0x10004f98                dcd_init
 .text.dcd_int_enable
                0x10005024        0xc CMakeFiles/project-template.dir/home/hoagson/pico/pico-sdk/lib/tinyusb/src/portable/raspberrypi/rp2040/dcd_rp2040.c.o
                0x10005024                dcd_int_enable
 .text.dcd_set_address
                0x10005030       0x14 CMakeFiles/project-template.dir/home/hoagson/pico/pico-sdk/lib/tinyusb/src/portable/raspberrypi/rp2040/dcd_rp2040.c.o
                0x10005030                dcd_set_address
 .text.dcd_sof_enable
                0x10005044       0x1c CMakeFiles/project-template.dir/home/hoagson/pico/pico-sdk/lib/tinyusb/src/portable/raspberrypi/rp2040/dcd_rp2040.c.o
                0x10005044                dcd_sof_enable
 .text.dcd_edpt0_status_complete
                0x10005060       0x1c CMakeFiles/project-template.dir/home/hoagson/pico/pico-sdk/lib/tinyusb/src/portable/raspberrypi/rp2040/dcd_rp2040.c.o
                0x10005060                dcd_edpt0_status_complete
 .text.dcd_edpt_open
                0x1000507c      0x108 CMakeFiles/project-template.dir/home/hoagson/pico/pico-sdk/lib/tinyusb/src/portable/raspberrypi/rp2040/dcd_rp2040.c.o
                0x1000507c                dcd_edpt_open
 .text.dcd_edpt_close_all
                0x10005184        0x8 CMakeFiles/project-template.dir/home/hoagson/pico/pico-sdk/lib/tinyusb/src/portable/raspberrypi/rp2040/dcd_rp2040.c.o
                0x10005184                dcd_edpt_close_all
 .text.dcd_edpt_xfer
                0x1000518c       0x24 CMakeFiles/project-template.dir/home/hoagson/pico/pico-sdk/lib/tinyusb/src/portable/raspberrypi/rp2040/dcd_rp2040.c.o
                0x1000518c                dcd_edpt_xfer
 .text.dcd_edpt_stall
                0x100051b0       0x34 CMakeFiles/project-template.dir/home/hoagson/pico/pico-sdk/lib/tinyusb/src/portable/raspberrypi/rp2040/dcd_rp2040.c.o
                0x100051b0                dcd_edpt_stall
 .text.dcd_edpt_clear_stall
                0x100051e4       0x30 CMakeFiles/project-template.dir/home/hoagson/pico/pico-sdk/lib/tinyusb/src/portable/raspberrypi/rp2040/dcd_rp2040.c.o
                0x100051e4                dcd_edpt_clear_stall
 .text.rp2040_usb_init
                0x10005214       0x40 CMakeFiles/project-template.dir/home/hoagson/pico/pico-sdk/lib/tinyusb/src/portable/raspberrypi/rp2040/rp2040_usb.c.o
                0x10005214                rp2040_usb_init
 .text.hw_endpoint_xfer_start
                0x10005254       0x40 CMakeFiles/project-template.dir/home/hoagson/pico/pico-sdk/lib/tinyusb/src/portable/raspberrypi/rp2040/rp2040_usb.c.o
                0x10005254                hw_endpoint_xfer_start
 .text.tud_event_hook_cb
                0x10005294        0x4 CMakeFiles/project-template.dir/home/hoagson/pico/pico-sdk/lib/tinyusb/src/device/usbd.c.o
                0x10005294                tud_event_hook_cb
 .text.tud_sof_cb
                0x10005298        0x4 CMakeFiles/project-template.dir/home/hoagson/pico/pico-sdk/lib/tinyusb/src/device/usbd.c.o
                0x10005298                tud_sof_cb
 .text.tud_descriptor_device_qualifier_cb
                0x1000529c        0x4 CMakeFiles/project-template.dir/home/hoagson/pico/pico-sdk/lib/tinyusb/src/device/usbd.c.o
                0x1000529c                tud_descriptor_device_qualifier_cb
 .text.tud_descriptor_other_speed_configuration_cb
                0x100052a0        0x4 CMakeFiles/project-template.dir/home/hoagson/pico/pico-sdk/lib/tinyusb/src/device/usbd.c.o
                0x100052a0                tud_descriptor_other_speed_configuration_cb
 .text.tud_mount_cb
                0x100052a4        0x4 CMakeFiles/project-template.dir/home/hoagson/pico/pico-sdk/lib/tinyusb/src/device/usbd.c.o
                0x100052a4                tud_mount_cb
 .text.tud_umount_cb
                0x100052a8        0x4 CMakeFiles/project-template.dir/home/hoagson/pico/pico-sdk/lib/tinyusb/src/device/usbd.c.o
                0x100052a8                tud_umount_cb
 .text.tud_suspend_cb
                0x100052ac        0x4 CMakeFiles/project-template.dir/home/hoagson/pico/pico-sdk/lib/tinyusb/src/device/usbd.c.o
                0x100052ac                tud_suspend_cb
 .text.tud_resume_cb
                0x100052b0        0x4 CMakeFiles/project-template.dir/home/hoagson/pico/pico-sdk/lib/tinyusb/src/device/usbd.c.o
                0x100052b0                tud_resume_cb
 .text.tud_mounted
                0x100052b4       0x10 CMakeFiles/project-template.dir/home/hoagson/pico/pico-sdk/lib/tinyusb/src/device/usbd.c.o
                0x100052b4                tud_mounted
 .text.tud_suspended
                0x100052c4       0x10 CMakeFiles/project-template.dir/home/hoagson/pico/pico-sdk/lib/tinyusb/src/device/usbd.c.o
                0x100052c4                tud_suspended
 .text.tud_init
                0x100052d4       0xe4 CMakeFiles/project-template.dir/home/hoagson/pico/pico-sdk/lib/tinyusb/src/device/usbd.c.o
                0x100052d4                tud_init
 .text.tud_task_ext
                0x100053b8      0x800 CMakeFiles/project-template.dir/home/hoagson/pico/pico-sdk/lib/tinyusb/src/device/usbd.c.o
                0x100053b8                tud_task_ext
 .text.usbd_open_edpt_pair
                0x10005bb8       0x9c CMakeFiles/project-template.dir/home/hoagson/pico/pico-sdk/lib/tinyusb/src/device/usbd.c.o
                0x10005bb8                usbd_open_edpt_pair
 .text.usbd_edpt_open
                0x10005c54       0x34 CMakeFiles/project-template.dir/home/hoagson/pico/pico-sdk/lib/tinyusb/src/device/usbd.c.o
                0x10005c54                usbd_edpt_open
 .text.usbd_edpt_claim
                0x10005c88       0x28 CMakeFiles/project-template.dir/home/hoagson/pico/pico-sdk/lib/tinyusb/src/device/usbd.c.o
                0x10005c88                usbd_edpt_claim
 .text.usbd_edpt_release
                0x10005cb0       0x28 CMakeFiles/project-template.dir/home/hoagson/pico/pico-sdk/lib/tinyusb/src/device/usbd.c.o
                0x10005cb0                usbd_edpt_release
 .text.usbd_edpt_xfer
                0x10005cd8       0x4c CMakeFiles/project-template.dir/home/hoagson/pico/pico-sdk/lib/tinyusb/src/device/usbd.c.o
                0x10005cd8                usbd_edpt_xfer
 .text.tud_control_status
                0x10005d24       0x2c CMakeFiles/project-template.dir/home/hoagson/pico/pico-sdk/lib/tinyusb/src/device/usbd_control.c.o
                0x10005d24                tud_control_status
 .text.tud_control_xfer
                0x10005d50       0xac CMakeFiles/project-template.dir/home/hoagson/pico/pico-sdk/lib/tinyusb/src/device/usbd_control.c.o
                0x10005d50                tud_control_xfer
 .text.usbd_control_reset
                0x10005dfc       0x14 CMakeFiles/project-template.dir/home/hoagson/pico/pico-sdk/lib/tinyusb/src/device/usbd_control.c.o
                0x10005dfc                usbd_control_reset
 .text.usbd_control_set_complete_callback
                0x10005e10        0xc CMakeFiles/project-template.dir/home/hoagson/pico/pico-sdk/lib/tinyusb/src/device/usbd_control.c.o
                0x10005e10                usbd_control_set_complete_callback
 .text.usbd_control_set_request
                0x10005e1c       0x1c CMakeFiles/project-template.dir/home/hoagson/pico/pico-sdk/lib/tinyusb/src/device/usbd_control.c.o
                0x10005e1c                usbd_control_set_request
 .text.usbd_control_xfer_cb
                0x10005e38       0xec CMakeFiles/project-template.dir/home/hoagson/pico/pico-sdk/lib/tinyusb/src/device/usbd_control.c.o
                0x10005e38                usbd_control_xfer_cb
 .text._prep_out_transaction.isra.0
                0x10005f24       0x5c CMakeFiles/project-template.dir/home/hoagson/pico/pico-sdk/lib/tinyusb/src/class/cdc/cdc_device.c.o
 .text.tud_cdc_n_connected
                0x10005f80       0x34 CMakeFiles/project-template.dir/home/hoagson/pico/pico-sdk/lib/tinyusb/src/class/cdc/cdc_device.c.o
                0x10005f80                tud_cdc_n_connected
 .text.tud_cdc_n_available
                0x10005fb4       0x1c CMakeFiles/project-template.dir/home/hoagson/pico/pico-sdk/lib/tinyusb/src/class/cdc/cdc_device.c.o
                0x10005fb4                tud_cdc_n_available
 .text.tud_cdc_n_read
                0x10005fd0       0xa0 CMakeFiles/project-template.dir/home/hoagson/pico/pico-sdk/lib/tinyusb/src/class/cdc/cdc_device.c.o
                0x10005fd0                tud_cdc_n_read
 .text.tud_cdc_n_write_flush
                0x10006070       0x78 CMakeFiles/project-template.dir/home/hoagson/pico/pico-sdk/lib/tinyusb/src/class/cdc/cdc_device.c.o
                0x10006070                tud_cdc_n_write_flush
 .text.tud_cdc_n_write
                0x100060e8       0x44 CMakeFiles/project-template.dir/home/hoagson/pico/pico-sdk/lib/tinyusb/src/class/cdc/cdc_device.c.o
                0x100060e8                tud_cdc_n_write
 .text.tud_cdc_n_write_available
                0x1000612c       0x1c CMakeFiles/project-template.dir/home/hoagson/pico/pico-sdk/lib/tinyusb/src/class/cdc/cdc_device.c.o
                0x1000612c                tud_cdc_n_write_available
 .text.cdcd_init
                0x10006148       0x74 CMakeFiles/project-template.dir/home/hoagson/pico/pico-sdk/lib/tinyusb/src/class/cdc/cdc_device.c.o
                0x10006148                cdcd_init
 .text.cdcd_deinit
                0x100061bc       0x34 CMakeFiles/project-template.dir/home/hoagson/pico/pico-sdk/lib/tinyusb/src/class/cdc/cdc_device.c.o
                0x100061bc                cdcd_deinit
 .text.cdcd_reset
                0x100061f0       0x4c CMakeFiles/project-template.dir/home/hoagson/pico/pico-sdk/lib/tinyusb/src/class/cdc/cdc_device.c.o
                0x100061f0                cdcd_reset
 .text.cdcd_open
                0x1000623c       0xb0 CMakeFiles/project-template.dir/home/hoagson/pico/pico-sdk/lib/tinyusb/src/class/cdc/cdc_device.c.o
                0x1000623c                cdcd_open
 .text.cdcd_control_xfer_cb
                0x100062ec       0xe4 CMakeFiles/project-template.dir/home/hoagson/pico/pico-sdk/lib/tinyusb/src/class/cdc/cdc_device.c.o
                0x100062ec                cdcd_control_xfer_cb
 .text.cdcd_xfer_cb
                0x100063d0      0x100 CMakeFiles/project-template.dir/home/hoagson/pico/pico-sdk/lib/tinyusb/src/class/cdc/cdc_device.c.o
                0x100063d0                cdcd_xfer_cb
 .text.tud_vendor_n_write_flush
                0x100064d0       0x78 CMakeFiles/project-template.dir/home/hoagson/pico/pico-sdk/lib/tinyusb/src/class/vendor/vendor_device.c.o
                0x100064d0                tud_vendor_n_write_flush
 .text.vendord_init
                0x10006548       0x64 CMakeFiles/project-template.dir/home/hoagson/pico/pico-sdk/lib/tinyusb/src/class/vendor/vendor_device.c.o
                0x10006548                vendord_init
 .text.vendord_deinit
                0x100065ac       0x34 CMakeFiles/project-template.dir/home/hoagson/pico/pico-sdk/lib/tinyusb/src/class/vendor/vendor_device.c.o
                0x100065ac                vendord_deinit
 .text.vendord_reset
                0x100065e0       0x1c CMakeFiles/project-template.dir/home/hoagson/pico/pico-sdk/lib/tinyusb/src/class/vendor/vendor_device.c.o
                0x100065e0                vendord_reset
 .text.vendord_open
                0x100065fc       0xd8 CMakeFiles/project-template.dir/home/hoagson/pico/pico-sdk/lib/tinyusb/src/class/vendor/vendor_device.c.o
                0x100065fc                vendord_open
 .text.vendord_xfer_cb
                0x100066d4       0xc8 CMakeFiles/project-template.dir/home/hoagson/pico/pico-sdk/lib/tinyusb/src/class/vendor/vendor_device.c.o
                0x100066d4                vendord_xfer_cb
 .text.tusb_init
                0x1000679c        0xc CMakeFiles/project-template.dir/home/hoagson/pico/pico-sdk/lib/tinyusb/src/tusb.c.o
                0x1000679c                tusb_init
 .text.tu_edpt_claim
                0x100067a8       0x50 CMakeFiles/project-template.dir/home/hoagson/pico/pico-sdk/lib/tinyusb/src/tusb.c.o
                0x100067a8                tu_edpt_claim
 .text.tu_edpt_release
                0x100067f8       0x38 CMakeFiles/project-template.dir/home/hoagson/pico/pico-sdk/lib/tinyusb/src/tusb.c.o
                0x100067f8                tu_edpt_release
 .text.tu_edpt_validate
                0x10006830       0x7c CMakeFiles/project-template.dir/home/hoagson/pico/pico-sdk/lib/tinyusb/src/tusb.c.o
                0x10006830                tu_edpt_validate
 .text.tu_edpt_bind_driver
                0x100068ac       0x34 CMakeFiles/project-template.dir/home/hoagson/pico/pico-sdk/lib/tinyusb/src/tusb.c.o
                0x100068ac                tu_edpt_bind_driver
 .text.tu_fifo_config
                0x100068e0       0x6c CMakeFiles/project-template.dir/home/hoagson/pico/pico-sdk/lib/tinyusb/src/common/tusb_fifo.c.o
                0x100068e0                tu_fifo_config
 .text.tu_fifo_count
                0x1000694c       0x2c CMakeFiles/project-template.dir/home/hoagson/pico/pico-sdk/lib/tinyusb/src/common/tusb_fifo.c.o
                0x1000694c                tu_fifo_count
 .text.tu_fifo_empty
                0x10006978       0x10 CMakeFiles/project-template.dir/home/hoagson/pico/pico-sdk/lib/tinyusb/src/common/tusb_fifo.c.o
                0x10006978                tu_fifo_empty
 .text.tu_fifo_remaining
                0x10006988       0x2c CMakeFiles/project-template.dir/home/hoagson/pico/pico-sdk/lib/tinyusb/src/common/tusb_fifo.c.o
                0x10006988                tu_fifo_remaining
 .text.tu_fifo_read
                0x100069b4       0x9c CMakeFiles/project-template.dir/home/hoagson/pico/pico-sdk/lib/tinyusb/src/common/tusb_fifo.c.o
                0x100069b4                tu_fifo_read
 .text.tu_fifo_read_n
                0x10006a50       0xe8 CMakeFiles/project-template.dir/home/hoagson/pico/pico-sdk/lib/tinyusb/src/common/tusb_fifo.c.o
                0x10006a50                tu_fifo_read_n
 .text.tu_fifo_write
                0x10006b38       0xa8 CMakeFiles/project-template.dir/home/hoagson/pico/pico-sdk/lib/tinyusb/src/common/tusb_fifo.c.o
                0x10006b38                tu_fifo_write
 .text.tu_fifo_write_n
                0x10006be0      0x178 CMakeFiles/project-template.dir/home/hoagson/pico/pico-sdk/lib/tinyusb/src/common/tusb_fifo.c.o
                0x10006be0                tu_fifo_write_n
 .text.tu_fifo_clear
                0x10006d58       0x40 CMakeFiles/project-template.dir/home/hoagson/pico/pico-sdk/lib/tinyusb/src/common/tusb_fifo.c.o
                0x10006d58                tu_fifo_clear
 .text.tu_fifo_set_overwritable
                0x10006d98       0x48 CMakeFiles/project-template.dir/home/hoagson/pico/pico-sdk/lib/tinyusb/src/common/tusb_fifo.c.o
                0x10006d98                tu_fifo_set_overwritable
 .text.spi_init
                0x10006de0      0x13c CMakeFiles/project-template.dir/home/hoagson/pico/pico-sdk/src/rp2_common/hardware_spi/spi.c.o
                0x10006de0                spi_init
 .text.i2c_read_blocking_internal.constprop.0
                0x10006f1c       0x98 CMakeFiles/project-template.dir/home/hoagson/pico/pico-sdk/src/rp2_common/hardware_i2c/i2c.c.o
 .text.i2c_write_blocking_internal.constprop.0
                0x10006fb4       0xd0 CMakeFiles/project-template.dir/home/hoagson/pico/pico-sdk/src/rp2_common/hardware_i2c/i2c.c.o
 .text.i2c_set_baudrate
                0x10007084       0xc0 CMakeFiles/project-template.dir/home/hoagson/pico/pico-sdk/src/rp2_common/hardware_i2c/i2c.c.o
                0x10007084                i2c_set_baudrate
 .text.i2c_init
                0x10007144       0x50 CMakeFiles/project-template.dir/home/hoagson/pico/pico-sdk/src/rp2_common/hardware_i2c/i2c.c.o
                0x10007144                i2c_init
 .text.i2c_write_blocking
                0x10007194       0x14 CMakeFiles/project-template.dir/home/hoagson/pico/pico-sdk/src/rp2_common/hardware_i2c/i2c.c.o
                0x10007194                i2c_write_blocking
 .text.i2c_read_blocking
                0x100071a8       0x14 CMakeFiles/project-template.dir/home/hoagson/pico/pico-sdk/src/rp2_common/hardware_i2c/i2c.c.o
                0x100071a8                i2c_read_blocking
 .text          0x100071bc       0x10 /usr/lib/gcc/arm-none-eabi/13.2.1/../../../arm-none-eabi/lib/thumb/v6-m/nofp/libg.a(libc_a-atexit.o)
                0x100071bc                atexit
 .text          0x100071cc       0x5c /usr/lib/gcc/arm-none-eabi/13.2.1/../../../arm-none-eabi/lib/thumb/v6-m/nofp/libg.a(libc_a-strlen-stub.o)
                0x100071cc                strlen
 .text          0x10007228       0x28 /usr/lib/gcc/arm-none-eabi/13.2.1/../../../arm-none-eabi/lib/thumb/v6-m/nofp/libg.a(libc_a-fini.o)
                0x10007228                __libc_fini_array
 .text          0x10007250       0x78 /usr/lib/gcc/arm-none-eabi/13.2.1/../../../arm-none-eabi/lib/thumb/v6-m/nofp/libg.a(libc_a-__atexit.o)
                0x10007250                __register_exitproc
 .text.startup  0x100072c8       0x18 /usr/lib/gcc/arm-none-eabi/13.2.1/../../../arm-none-eabi/lib/thumb/v6-m/nofp/libg.a(libc_a-__call_atexit.o)
 *(.fini)
 .fini          0x100072e0        0x4 /usr/lib/gcc/arm-none-eabi/13.2.1/thumb/v6-m/nofp/crti.o
                0x100072e0                _fini
 *fill*         0x100072e4        0x4 
 .fini.__stub   0x100072e8       0xd0 linker stubs
 *crtbegin.o(.ctors)
 *crtbegin?.o(.ctors)
 *(EXCLUDE_FILE(*crtend.o *crtend?.o) .ctors)
 *(SORT_BY_NAME(.ctors.*))
 *(.ctors)
 *crtbegin.o(.dtors)
 *crtbegin?.o(.dtors)
 *(EXCLUDE_FILE(*crtend.o *crtend?.o) .dtors)
 *(SORT_BY_NAME(.dtors.*))
 *(.dtors)
                0x100073b8                        . = ALIGN (0x4)
                0x100073b8                        PROVIDE (__preinit_array_start = .)
 *(SORT_BY_NAME(.preinit_array.*))
 .preinit_array.00100
                0x100073b8        0x4 CMakeFiles/project-template.dir/home/hoagson/pico/pico-sdk/src/rp2_common/pico_runtime_init/runtime_init.c.o
                0x100073b8                __pre_init_runtime_init_early_resets
 .preinit_array.00101
                0x100073bc        0x4 CMakeFiles/project-template.dir/home/hoagson/pico/pico-sdk/src/rp2_common/pico_runtime_init/runtime_init.c.o
                0x100073bc                __pre_init_runtime_init_usb_power_down
 .preinit_array.00275
                0x100073c0        0x4 CMakeFiles/project-template.dir/home/hoagson/pico/pico-sdk/src/rp2_common/pico_bit_ops/bit_ops_aeabi.S.o
 .preinit_array.00300
                0x100073c4        0x4 CMakeFiles/project-template.dir/home/hoagson/pico/pico-sdk/src/rp2_common/pico_mem_ops/mem_ops_aeabi.S.o
 .preinit_array.00350
                0x100073c8        0x4 CMakeFiles/project-template.dir/home/hoagson/pico/pico-sdk/src/rp2_common/pico_double/double_aeabi_rp2040.S.o
 .preinit_array.00350
                0x100073cc        0x4 CMakeFiles/project-template.dir/home/hoagson/pico/pico-sdk/src/rp2_common/pico_float/float_aeabi_rp2040.S.o
 .preinit_array.00500
                0x100073d0        0x4 CMakeFiles/project-template.dir/home/hoagson/pico/pico-sdk/src/rp2_common/pico_runtime_init/runtime_init.c.o
                0x100073d0                __pre_init_runtime_init_clocks
 .preinit_array.00600
                0x100073d4        0x4 CMakeFiles/project-template.dir/home/hoagson/pico/pico-sdk/src/rp2_common/pico_runtime_init/runtime_init.c.o
                0x100073d4                __pre_init_runtime_init_post_clock_resets
 .preinit_array.00700
                0x100073d8        0x4 CMakeFiles/project-template.dir/home/hoagson/pico/pico-sdk/src/rp2_common/pico_runtime_init/runtime_init.c.o
                0x100073d8                __pre_init_runtime_init_rp2040_gpio_ie_disable
 .preinit_array.01000
                0x100073dc        0x4 CMakeFiles/project-template.dir/home/hoagson/pico/pico-sdk/src/rp2_common/pico_runtime_init/runtime_init.c.o
                0x100073dc                __pre_init_runtime_init_spin_locks_reset
 .preinit_array.01100
                0x100073e0        0x4 CMakeFiles/project-template.dir/home/hoagson/pico/pico-sdk/src/common/pico_sync/mutex.c.o
                0x100073e0                __pre_init_runtime_init_mutex
 .preinit_array.10080
                0x100073e4        0x4 CMakeFiles/project-template.dir/home/hoagson/pico/pico-sdk/src/rp2_common/pico_runtime_init/runtime_init.c.o
                0x100073e4                __pre_init_runtime_init_install_ram_vector_table
 .preinit_array.11000
                0x100073e8        0x4 CMakeFiles/project-template.dir/home/hoagson/pico/pico-sdk/src/common/pico_time/time.c.o
                0x100073e8                __pre_init_runtime_init_default_alarm_pool
 .preinit_array.YYYYY
                0x100073ec        0x4 CMakeFiles/project-template.dir/home/hoagson/pico/pico-sdk/src/rp2_common/pico_runtime/runtime.c.o
                0x100073ec                __pre_init_first_per_core_initializer
 .preinit_array.ZZZZZ.01200
                0x100073f0        0x4 CMakeFiles/project-template.dir/home/hoagson/pico/pico-sdk/src/rp2_common/hardware_irq/irq.c.o
                0x100073f0                __pre_init_runtime_init_per_core_irq_priorities
 *(.preinit_array)
                0x100073f4                        PROVIDE (__preinit_array_end = .)
                0x100073f4                        . = ALIGN (0x4)
                0x100073f4                        PROVIDE (__init_array_start = .)
 *(SORT_BY_NAME(.init_array.*))
 .init_array.00000
                0x100073f4        0x4 /usr/lib/gcc/arm-none-eabi/13.2.1/../../../arm-none-eabi/lib/thumb/v6-m/nofp/libg.a(libc_a-__call_atexit.o)
 .init_array.01000
                0x100073f8        0x4 CMakeFiles/project-template.dir/home/hoagson/pico/pico-sdk/src/rp2_common/pico_unique_id/unique_id.c.o
 *(.init_array)
 .init_array    0x100073fc        0x4 /usr/lib/gcc/arm-none-eabi/13.2.1/thumb/v6-m/nofp/crtbegin.o
                0x10007400                        PROVIDE (__init_array_end = .)
                0x10007400                        . = ALIGN (0x4)
                0x10007400                        PROVIDE (__fini_array_start = .)
 *(SORT_BY_NAME(.fini_array.*))
 *(.fini_array)
                0x10007400                        PROVIDE (__fini_array_end = .)
 *(.eh_frame*)
 .eh_frame      0x10007400        0x0 /usr/lib/gcc/arm-none-eabi/13.2.1/thumb/v6-m/nofp/crtbegin.o
                0x10007400                        . = ALIGN (0x4)

.glue_7         0x10007400        0x0
 .glue_7        0x10007400        0x0 linker stubs

.glue_7t        0x10007400        0x0
 .glue_7t       0x10007400        0x0 linker stubs

.vfp11_veneer   0x10007400        0x0
 .vfp11_veneer  0x10007400        0x0 linker stubs

.v4_bx          0x10007400        0x0
 .v4_bx         0x10007400        0x0 linker stubs

.iplt           0x10007400        0x0
 .iplt          0x10007400        0x0 /usr/lib/gcc/arm-none-eabi/13.2.1/thumb/v6-m/nofp/crtbegin.o

.rodata         0x10007400      0x704
 *(EXCLUDE_FILE(*libm.a: *libc.a:*lib_a-mem*.o *libgcc.a:) .rodata*)
 .rodata.main.str1.4
                0x10007400      0x25c CMakeFiles/project-template.dir/main.c.o
                                 0xd0 (size before relaxing)
 .rodata.panic.str1.4
                0x1000765c       0x12 CMakeFiles/project-template.dir/home/hoagson/pico/pico-sdk/src/rp2_common/pico_platform_panic/panic.c.o
 .rodata.spin_lock_claim_unused.str1.4
                0x1000765c       0x1b CMakeFiles/project-template.dir/home/hoagson/pico/pico-sdk/src/rp2_common/hardware_sync/sync.c.o
 .rodata.user_irq_claim_unused.str1.4
                0x1000765c       0x1b CMakeFiles/project-template.dir/home/hoagson/pico/pico-sdk/src/rp2_common/hardware_irq/irq.c.o
 .rodata.timer_hardware_alarm_claim.str1.4
                0x1000765c       0x22 CMakeFiles/project-template.dir/home/hoagson/pico/pico-sdk/src/rp2_common/hardware_timer/timer.c.o
 .rodata.hard_assertion_failure.str1.4
                0x1000765c        0xc CMakeFiles/project-template.dir/home/hoagson/pico/pico-sdk/src/rp2_common/pico_runtime/runtime.c.o
 .rodata.missing_double_func_shim.str1.4
                0x1000765c       0x18 CMakeFiles/project-template.dir/home/hoagson/pico/pico-sdk/src/rp2_common/pico_double/double_init_rom_rp2040.c.o
 .rodata.missing_float_func_shim.str1.4
                0x1000765c        0x1 CMakeFiles/project-template.dir/home/hoagson/pico/pico-sdk/src/rp2_common/pico_float/float_init_rom_rp2040.c.o
 .rodata.str1.4
                0x1000765c       0x48 CMakeFiles/project-template.dir/home/hoagson/pico/pico-sdk/src/rp2_common/pico_standard_binary_info/standard_binary_info.c.o
 .rodata.__bi_84
                0x1000765c        0xc CMakeFiles/project-template.dir/home/hoagson/pico/pico-sdk/src/rp2_common/pico_standard_binary_info/standard_binary_info.c.o
 .rodata.__bi_78
                0x10007668        0xc CMakeFiles/project-template.dir/home/hoagson/pico/pico-sdk/src/rp2_common/pico_standard_binary_info/standard_binary_info.c.o
 .rodata.__bi_54
                0x10007674        0xc CMakeFiles/project-template.dir/home/hoagson/pico/pico-sdk/src/rp2_common/pico_standard_binary_info/standard_binary_info.c.o
 .rodata.__bi_48
                0x10007680        0xc CMakeFiles/project-template.dir/home/hoagson/pico/pico-sdk/src/rp2_common/pico_standard_binary_info/standard_binary_info.c.o
 .rodata.__bi_42
                0x1000768c        0xc CMakeFiles/project-template.dir/home/hoagson/pico/pico-sdk/src/rp2_common/pico_standard_binary_info/standard_binary_info.c.o
 .rodata.__bi_34
                0x10007698        0xc CMakeFiles/project-template.dir/home/hoagson/pico/pico-sdk/src/rp2_common/pico_standard_binary_info/standard_binary_info.c.o
 .rodata.__bi_26
                0x100076a4        0xc CMakeFiles/project-template.dir/home/hoagson/pico/pico-sdk/src/rp2_common/pico_standard_binary_info/standard_binary_info.c.o
 .rodata._ftoa.str1.4
                0x100076b0       0x15 CMakeFiles/project-template.dir/home/hoagson/pico/pico-sdk/src/rp2_common/pico_printf/printf.c.o
 .rodata._vsnprintf
                0x100076b0      0x19c CMakeFiles/project-template.dir/home/hoagson/pico/pico-sdk/src/rp2_common/pico_printf/printf.c.o
 *fill*         0x1000784c        0x4 
 .rodata.pow10.0
                0x10007850       0x50 CMakeFiles/project-template.dir/home/hoagson/pico/pico-sdk/src/rp2_common/pico_printf/printf.c.o
 .rodata.crlf_str.0
                0x100078a0        0x2 CMakeFiles/project-template.dir/home/hoagson/pico/pico-sdk/src/rp2_common/pico_stdio/stdio.c.o
 *fill*         0x100078a2        0x2 
 .rodata._resetd_driver
                0x100078a4       0x20 CMakeFiles/project-template.dir/home/hoagson/pico/pico-sdk/src/rp2_common/pico_stdio_usb/reset_interface.c.o
 .rodata.desc_ms_os_20
                0x100078c4       0xa6 CMakeFiles/project-template.dir/home/hoagson/pico/pico-sdk/src/rp2_common/pico_stdio_usb/reset_interface.c.o
 *fill*         0x1000796a        0x2 
 .rodata.desc_bos
                0x1000796c       0x21 CMakeFiles/project-template.dir/home/hoagson/pico/pico-sdk/src/rp2_common/pico_stdio_usb/reset_interface.c.o
                0x1000796c                desc_bos
 .rodata.str1.4
                0x1000798d       0x13 CMakeFiles/project-template.dir/home/hoagson/pico/pico-sdk/src/rp2_common/pico_stdio_usb/stdio_usb.c.o
 *fill*         0x1000798d        0x3 
 .rodata.__bi_202.0
                0x10007990        0xc CMakeFiles/project-template.dir/home/hoagson/pico/pico-sdk/src/rp2_common/pico_stdio_usb/stdio_usb.c.o
 .rodata.str1.4
                0x1000799c       0x2a CMakeFiles/project-template.dir/home/hoagson/pico/pico-sdk/src/rp2_common/pico_stdio_usb/stdio_usb_descriptors.c.o
 .rodata.usbd_desc_str
                0x1000799c       0x18 CMakeFiles/project-template.dir/home/hoagson/pico/pico-sdk/src/rp2_common/pico_stdio_usb/stdio_usb_descriptors.c.o
 .rodata.usbd_desc_cfg
                0x100079b4       0x54 CMakeFiles/project-template.dir/home/hoagson/pico/pico-sdk/src/rp2_common/pico_stdio_usb/stdio_usb_descriptors.c.o
 .rodata.usbd_desc_device
                0x10007a08       0x12 CMakeFiles/project-template.dir/home/hoagson/pico/pico-sdk/src/rp2_common/pico_stdio_usb/stdio_usb_descriptors.c.o
 .rodata.str1.4
                0x10007a1a       0x14 CMakeFiles/project-template.dir/home/hoagson/pico/pico-sdk/lib/tinyusb/src/portable/raspberrypi/rp2040/dcd_rp2040.c.o
 .rodata.str1.4
                0x10007a1a       0x48 CMakeFiles/project-template.dir/home/hoagson/pico/pico-sdk/lib/tinyusb/src/portable/raspberrypi/rp2040/rp2040_usb.c.o
 *fill*         0x10007a1a        0x2 
 .rodata.tud_task_ext
                0x10007a1c       0x8c CMakeFiles/project-template.dir/home/hoagson/pico/pico-sdk/lib/tinyusb/src/device/usbd.c.o
 .rodata        0x10007aa8       0x1c CMakeFiles/project-template.dir/home/hoagson/pico/pico-sdk/lib/tinyusb/src/device/usbd.c.o
 .rodata._usbd_driver
                0x10007ac4       0x40 CMakeFiles/project-template.dir/home/hoagson/pico/pico-sdk/lib/tinyusb/src/device/usbd.c.o
                0x10007b04                        . = ALIGN (0x4)
 *(SORT_BY_ALIGNMENT(SORT_BY_NAME(.flashdata*)))
                0x10007b04                        . = ALIGN (0x4)

.ARM.extab
 *(.ARM.extab* .gnu.linkonce.armextab.*)
                0x10007b04                        __exidx_start = .

.ARM.exidx
 *(.ARM.exidx* .gnu.linkonce.armexidx.*)
                0x10007b04                        __exidx_end = .
                0x10007b04                        . = ALIGN (0x4)
                0x10007b04                        __binary_info_start = .

.binary_info    0x10007b04       0x20
 *(.binary_info.keep.*)
 .binary_info.keep.__bi_ptr84
                0x10007b04        0x4 CMakeFiles/project-template.dir/home/hoagson/pico/pico-sdk/src/rp2_common/pico_standard_binary_info/standard_binary_info.c.o
 .binary_info.keep.__bi_ptr78
                0x10007b08        0x4 CMakeFiles/project-template.dir/home/hoagson/pico/pico-sdk/src/rp2_common/pico_standard_binary_info/standard_binary_info.c.o
 .binary_info.keep.__bi_ptr54
                0x10007b0c        0x4 CMakeFiles/project-template.dir/home/hoagson/pico/pico-sdk/src/rp2_common/pico_standard_binary_info/standard_binary_info.c.o
 .binary_info.keep.__bi_ptr48
                0x10007b10        0x4 CMakeFiles/project-template.dir/home/hoagson/pico/pico-sdk/src/rp2_common/pico_standard_binary_info/standard_binary_info.c.o
 .binary_info.keep.__bi_ptr42
                0x10007b14        0x4 CMakeFiles/project-template.dir/home/hoagson/pico/pico-sdk/src/rp2_common/pico_standard_binary_info/standard_binary_info.c.o
 .binary_info.keep.__bi_ptr34
                0x10007b18        0x4 CMakeFiles/project-template.dir/home/hoagson/pico/pico-sdk/src/rp2_common/pico_standard_binary_info/standard_binary_info.c.o
 .binary_info.keep.__bi_ptr26
                0x10007b1c        0x4 CMakeFiles/project-template.dir/home/hoagson/pico/pico-sdk/src/rp2_common/pico_standard_binary_info/standard_binary_info.c.o
 *(.binary_info.*)
 .binary_info.__bi_ptr202
                0x10007b20        0x4 CMakeFiles/project-template.dir/home/hoagson/pico/pico-sdk/src/rp2_common/pico_stdio_usb/stdio_usb.c.o
                0x10007b24                        __binary_info_end = .
                0x10007b24                        . = ALIGN (0x4)

.ram_vector_table
                0x20000000       0xc0
 *(.ram_vector_table)
 .ram_vector_table
                0x20000000       0xc0 CMakeFiles/project-template.dir/home/hoagson/pico/pico-sdk/src/rp2_common/pico_runtime_init/runtime_init.c.o
                0x20000000                ram_vector_table

.uninitialized_data
                0x200000c0        0x0
                0x200000c0                        . = ALIGN (0x4)
 *(.uninitialized_data*)

.data           0x200000c0     0x1048 load address 0x10007b24
                0x200000c0                        __data_start__ = .
 *(vtable)
 *(.time_critical*)
 .time_critical.mutex_try_enter
                0x200000c0       0x40 CMakeFiles/project-template.dir/home/hoagson/pico/pico-sdk/src/common/pico_sync/mutex.c.o
                0x200000c0                mutex_try_enter
 .time_critical.mutex_try_enter_block_until
                0x20000100       0x9c CMakeFiles/project-template.dir/home/hoagson/pico/pico-sdk/src/common/pico_sync/mutex.c.o
                0x20000100                mutex_try_enter_block_until
 .time_critical.mutex_enter_timeout_ms
                0x2000019c       0x90 CMakeFiles/project-template.dir/home/hoagson/pico/pico-sdk/src/common/pico_sync/mutex.c.o
                0x2000019c                mutex_enter_timeout_ms
 .time_critical.mutex_exit
                0x2000022c       0x28 CMakeFiles/project-template.dir/home/hoagson/pico/pico-sdk/src/common/pico_sync/mutex.c.o
                0x2000022c                mutex_exit
 .time_critical.flash_init_boot2_copyout
                0x20000254       0x30 CMakeFiles/project-template.dir/home/hoagson/pico/pico-sdk/src/rp2_common/hardware_flash/flash.c.o
 .time_critical.flash_enable_xip_via_boot2
                0x20000284        0xc CMakeFiles/project-template.dir/home/hoagson/pico/pico-sdk/src/rp2_common/hardware_flash/flash.c.o
 .time_critical.flash_save_hardware_state
                0x20000290       0x20 CMakeFiles/project-template.dir/home/hoagson/pico/pico-sdk/src/rp2_common/hardware_flash/flash.c.o
 .time_critical.flash_restore_hardware_state
                0x200002b0       0x20 CMakeFiles/project-template.dir/home/hoagson/pico/pico-sdk/src/rp2_common/hardware_flash/flash.c.o
 .time_critical.flash_cs_force
                0x200002d0       0x38 CMakeFiles/project-template.dir/home/hoagson/pico/pico-sdk/src/rp2_common/hardware_flash/flash.c.o
 .time_critical.flash_do_cmd
                0x20000308       0xd0 CMakeFiles/project-template.dir/home/hoagson/pico/pico-sdk/src/rp2_common/hardware_flash/flash.c.o
                0x20000308                flash_do_cmd
 .time_critical.reset_non_control_endpoints
                0x200003d8       0x68 CMakeFiles/project-template.dir/home/hoagson/pico/pico-sdk/lib/tinyusb/src/portable/raspberrypi/rp2040/dcd_rp2040.c.o
 .time_critical.hw_handle_buff_status
                0x20000440       0xb0 CMakeFiles/project-template.dir/home/hoagson/pico/pico-sdk/lib/tinyusb/src/portable/raspberrypi/rp2040/dcd_rp2040.c.o
 .time_critical.dcd_rp2040_irq
                0x200004f0      0x578 CMakeFiles/project-template.dir/home/hoagson/pico/pico-sdk/lib/tinyusb/src/portable/raspberrypi/rp2040/dcd_rp2040.c.o
 .time_critical.prepare_ep_buffer
                0x20000a68       0xe0 CMakeFiles/project-template.dir/home/hoagson/pico/pico-sdk/lib/tinyusb/src/portable/raspberrypi/rp2040/rp2040_usb.c.o
 .time_critical.sync_ep_buffer
                0x20000b48       0xa8 CMakeFiles/project-template.dir/home/hoagson/pico/pico-sdk/lib/tinyusb/src/portable/raspberrypi/rp2040/rp2040_usb.c.o
 .time_critical._hw_endpoint_xfer_sync
                0x20000bf0       0x28 CMakeFiles/project-template.dir/home/hoagson/pico/pico-sdk/lib/tinyusb/src/portable/raspberrypi/rp2040/rp2040_usb.c.o
 .time_critical.e15_is_bulkin_ep
                0x20000c18       0x28 CMakeFiles/project-template.dir/home/hoagson/pico/pico-sdk/lib/tinyusb/src/portable/raspberrypi/rp2040/rp2040_usb.c.o
 .time_critical.e15_is_critical_frame_period
                0x20000c40       0x34 CMakeFiles/project-template.dir/home/hoagson/pico/pico-sdk/lib/tinyusb/src/portable/raspberrypi/rp2040/rp2040_usb.c.o
 .time_critical.hw_endpoint_reset_transfer
                0x20000c74        0xc CMakeFiles/project-template.dir/home/hoagson/pico/pico-sdk/lib/tinyusb/src/portable/raspberrypi/rp2040/rp2040_usb.c.o
                0x20000c74                hw_endpoint_reset_transfer
 .time_critical._hw_endpoint_buffer_control_update32
                0x20000c80       0x50 CMakeFiles/project-template.dir/home/hoagson/pico/pico-sdk/lib/tinyusb/src/portable/raspberrypi/rp2040/rp2040_usb.c.o
                0x20000c80                _hw_endpoint_buffer_control_update32
 .time_critical.hw_endpoint_start_next_buffer
                0x20000cd0       0x6c CMakeFiles/project-template.dir/home/hoagson/pico/pico-sdk/lib/tinyusb/src/portable/raspberrypi/rp2040/rp2040_usb.c.o
                0x20000cd0                hw_endpoint_start_next_buffer
 .time_critical.hw_endpoint_xfer_continue
                0x20000d3c       0x40 CMakeFiles/project-template.dir/home/hoagson/pico/pico-sdk/lib/tinyusb/src/portable/raspberrypi/rp2040/rp2040_usb.c.o
                0x20000d3c                hw_endpoint_xfer_continue
 .time_critical.tinyusb
                0x20000d7c      0x1e4 CMakeFiles/project-template.dir/home/hoagson/pico/pico-sdk/lib/tinyusb/src/device/usbd.c.o
                0x20000d7c                dcd_event_handler
 .time_critical.spi_write_blocking
                0x20000f60       0x4c CMakeFiles/project-template.dir/home/hoagson/pico/pico-sdk/src/rp2_common/hardware_spi/spi.c.o
                0x20000f60                spi_write_blocking
 *(.text*)
 .text          0x20000fac        0x4 /usr/lib/gcc/arm-none-eabi/13.2.1/thumb/v6-m/nofp/libgcc.a(_dvmd_tls.o)
                0x20000fac                __aeabi_ldiv0
                0x20000fac                __aeabi_idiv0
 .text.__stub   0x20000fb0       0x80 linker stubs
                0x20001030                        . = ALIGN (0x4)
 *(.rodata*)
                0x20001030                        . = ALIGN (0x4)
 *(.data*)
 .data.mode_switched
                0x20001030        0x1 CMakeFiles/project-template.dir/main.c.o
 .data.striped_spin_lock_num
                0x20001031        0x1 CMakeFiles/project-template.dir/home/hoagson/pico/pico-sdk/src/rp2_common/hardware_sync/sync.c.o
 *fill*         0x20001032        0x2 
 .data          0x20001034       0x48 CMakeFiles/project-template.dir/home/hoagson/pico/pico-sdk/src/rp2_common/hardware_irq/irq_handler_chain.S.o
                0x20001034                irq_handler_chain_slots
                0x20001064                irq_handler_chain_first_slot
                0x2000106e                irq_handler_chain_remove_tail
 .data.default_alarm_pool
                0x2000107c       0x18 CMakeFiles/project-template.dir/home/hoagson/pico/pico-sdk/src/common/pico_time/time.c.o
 *fill*         0x20001094        0xc 
 .data.aeabi_bits_funcs
                0x200010a0       0x10 CMakeFiles/project-template.dir/home/hoagson/pico/pico-sdk/src/rp2_common/pico_bit_ops/bit_ops_aeabi.S.o
                0x200010a0                aeabi_bits_funcs
                0x200010b0                aeabi_bits_funcs_end
 .data.aeabi_mem_funcs
                0x200010b0       0x10 CMakeFiles/project-template.dir/home/hoagson/pico/pico-sdk/src/rp2_common/pico_mem_ops/mem_ops_aeabi.S.o
                0x200010b0                aeabi_mem_funcs
                0x200010c0                aeabi_mem_funcs_end
 .data.stdio_usb
                0x200010c0       0x18 CMakeFiles/project-template.dir/home/hoagson/pico/pico-sdk/src/rp2_common/pico_stdio_usb/stdio_usb.c.o
                0x200010c0                stdio_usb
 .data._usbd_qdef
                0x200010d8       0x1c CMakeFiles/project-template.dir/home/hoagson/pico/pico-sdk/lib/tinyusb/src/device/usbd.c.o
                0x200010d8                _usbd_qdef
 .data._usbd_rhport
                0x200010f4        0x1 CMakeFiles/project-template.dir/home/hoagson/pico/pico-sdk/lib/tinyusb/src/device/usbd.c.o
 *fill*         0x200010f5        0x3 
 .data.i2c0_inst
                0x200010f8        0x8 CMakeFiles/project-template.dir/home/hoagson/pico/pico-sdk/src/rp2_common/hardware_i2c/i2c.c.o
                0x200010f8                i2c0_inst
                0x20001100                        . = ALIGN (0x4)
 *(.after_data.*)
                0x20001100                        . = ALIGN (0x4)
                0x20001100                        PROVIDE (__mutex_array_start = .)
 *(SORT_BY_NAME(.mutex_array.*))
 *(.mutex_array)
 .mutex_array   0x20001100        0x8 CMakeFiles/project-template.dir/home/hoagson/pico/pico-sdk/src/rp2_common/pico_stdio/stdio.c.o
                0x20001108                        PROVIDE (__mutex_array_end = .)
                0x20001108                        . = ALIGN (0x4)
 *(.jcr)
                0x20001108                        . = ALIGN (0x4)

.tm_clone_table
                0x20001108        0x0 load address 0x10008b6c
 .tm_clone_table
                0x20001108        0x0 /usr/lib/gcc/arm-none-eabi/13.2.1/thumb/v6-m/nofp/crtbegin.o
 .tm_clone_table
                0x20001108        0x0 /usr/lib/gcc/arm-none-eabi/13.2.1/thumb/v6-m/nofp/crtend.o

.igot.plt       0x20001108        0x0 load address 0x10008b6c
 .igot.plt      0x20001108        0x0 /usr/lib/gcc/arm-none-eabi/13.2.1/thumb/v6-m/nofp/crtbegin.o

.tdata          0x20001108        0x0 load address 0x10008b6c
                0x20001108                        . = ALIGN (0x4)
 *(.tdata .tdata.* .gnu.linkonce.td.*)
                0x20001108                        __tdata_end = .
                0x20001108                        PROVIDE (__data_end__ = .)
                0x10007b24                        __etext = LOADADDR (.data)

.tbss           0x20001108        0x0 load address 0x10008b6c
                0x20001108                        . = ALIGN (0x4)
                0x20001108                        __bss_start__ = .
                0x20001108                        __tls_base = .
 *(.tbss .tbss.* .gnu.linkonce.tb.*)
 *(.tcommon)
                0x20001108                        __tls_end = .

.bss            0x20001108     0x109c load address 0x10008b6c
                0x20001108                        . = ALIGN (0x4)
                0x20001108                        __tbss_end = .
 *(SORT_BY_ALIGNMENT(SORT_BY_NAME(.bss*)))
 .bss._vendord_itf
                0x20001108      0x2bc CMakeFiles/project-template.dir/home/hoagson/pico/pico-sdk/lib/tinyusb/src/class/vendor/vendor_device.c.o
 *fill*         0x200013c4        0x4 
 .bss.default_alarm_pool_entries
                0x200013c8      0x180 CMakeFiles/project-template.dir/home/hoagson/pico/pico-sdk/src/common/pico_time/time.c.o
 .bss.last_avail_time.1
                0x20001548        0x8 CMakeFiles/project-template.dir/home/hoagson/pico/pico-sdk/src/rp2_common/pico_stdio_usb/stdio_usb.c.o
 .bss.last_us.0
                0x20001550        0x8 CMakeFiles/project-template.dir/main.c.o
 .bss.sd_table  0x20001558      0x100 CMakeFiles/project-template.dir/home/hoagson/pico/pico-sdk/src/rp2_common/pico_double/double_init_rom_rp2040.c.o
                0x20001558                sd_table
 .bss           0x20001658       0x1c /usr/lib/gcc/arm-none-eabi/13.2.1/thumb/v6-m/nofp/crtbegin.o
 .bss           0x20001674      0x190 /usr/lib/gcc/arm-none-eabi/13.2.1/../../../arm-none-eabi/lib/thumb/v6-m/nofp/libg.a(libc_a-__atexit.o)
                0x20001674                __atexit0
 .bss           0x20001804        0x4 /usr/lib/gcc/arm-none-eabi/13.2.1/../../../arm-none-eabi/lib/thumb/v6-m/nofp/libg.a(libc_a-__call_atexit.o)
                0x20001804                __atexit
 .bss._app_driver
                0x20001808        0x4 CMakeFiles/project-template.dir/home/hoagson/pico/pico-sdk/lib/tinyusb/src/device/usbd.c.o
 .bss._cdcd_fifo_cfg
                0x2000180c        0x1 CMakeFiles/project-template.dir/home/hoagson/pico/pico-sdk/lib/tinyusb/src/class/cdc/cdc_device.c.o
 *fill*         0x2000180d        0x3 
 .bss._cdcd_itf
                0x20001810      0x148 CMakeFiles/project-template.dir/home/hoagson/pico/pico-sdk/lib/tinyusb/src/class/cdc/cdc_device.c.o
 .bss._ctrl_xfer
                0x20001958       0x14 CMakeFiles/project-template.dir/home/hoagson/pico/pico-sdk/lib/tinyusb/src/device/usbd_control.c.o
 .bss._ubsd_mutexdef
                0x2000196c        0x8 CMakeFiles/project-template.dir/home/hoagson/pico/pico-sdk/lib/tinyusb/src/device/usbd.c.o
 .bss._usbd_ctrl_buf
                0x20001974       0x40 CMakeFiles/project-template.dir/home/hoagson/pico/pico-sdk/lib/tinyusb/src/device/usbd_control.c.o
 .bss._usbd_dev
                0x200019b4       0x54 CMakeFiles/project-template.dir/home/hoagson/pico/pico-sdk/lib/tinyusb/src/device/usbd.c.o
 .bss._usbd_mutex
                0x20001a08        0x4 CMakeFiles/project-template.dir/home/hoagson/pico/pico-sdk/lib/tinyusb/src/device/usbd.c.o
 .bss._usbd_q   0x20001a0c        0x4 CMakeFiles/project-template.dir/home/hoagson/pico/pico-sdk/lib/tinyusb/src/device/usbd.c.o
 .bss._usbd_qdef_buf
                0x20001a10       0xc0 CMakeFiles/project-template.dir/home/hoagson/pico/pico-sdk/lib/tinyusb/src/device/usbd.c.o
                0x20001a10                _usbd_qdef_buf
 .bss.boot2_copyout
                0x20001ad0      0x100 CMakeFiles/project-template.dir/home/hoagson/pico/pico-sdk/src/rp2_common/hardware_flash/flash.c.o
 .bss.callbacks
                0x20001bd0        0x8 CMakeFiles/project-template.dir/home/hoagson/pico/pico-sdk/src/rp2_common/hardware_gpio/gpio.c.o
 .bss.chars_available_callback
                0x20001bd8        0x4 CMakeFiles/project-template.dir/home/hoagson/pico/pico-sdk/src/rp2_common/pico_stdio_usb/stdio_usb.c.o
 .bss.chars_available_param
                0x20001bdc        0x4 CMakeFiles/project-template.dir/home/hoagson/pico/pico-sdk/src/rp2_common/pico_stdio_usb/stdio_usb.c.o
 .bss.claimed   0x20001be0        0x4 CMakeFiles/project-template.dir/home/hoagson/pico/pico-sdk/src/rp2_common/hardware_sync/sync.c.o
 .bss.claimed   0x20001be4        0x1 CMakeFiles/project-template.dir/home/hoagson/pico/pico-sdk/src/rp2_common/hardware_timer/timer.c.o
 *fill*         0x20001be5        0x3 
 .bss.configured_freq
                0x20001be8       0x28 CMakeFiles/project-template.dir/home/hoagson/pico/pico-sdk/src/rp2_common/hardware_clocks/clocks.c.o
 .bss.desc_str.0
                0x20001c10       0x28 CMakeFiles/project-template.dir/home/hoagson/pico/pico-sdk/src/rp2_common/pico_stdio_usb/stdio_usb_descriptors.c.o
 .bss.drivers   0x20001c38        0x4 CMakeFiles/project-template.dir/home/hoagson/pico/pico-sdk/src/rp2_common/pico_stdio/stdio.c.o
 .bss.e15_last_sof
                0x20001c3c        0x4 CMakeFiles/project-template.dir/home/hoagson/pico/pico-sdk/lib/tinyusb/src/portable/raspberrypi/rp2040/rp2040_usb.c.o
                0x20001c3c                e15_last_sof
 .bss.filter    0x20001c40        0x4 CMakeFiles/project-template.dir/home/hoagson/pico/pico-sdk/src/rp2_common/pico_stdio/stdio.c.o
 .bss.hw_endpoints
                0x20001c44      0x400 CMakeFiles/project-template.dir/home/hoagson/pico/pico-sdk/lib/tinyusb/src/portable/raspberrypi/rp2040/dcd_rp2040.c.o
 .bss.lazy_vsnprintf
                0x20002044        0x4 CMakeFiles/project-template.dir/home/hoagson/pico/pico-sdk/src/rp2_common/pico_printf/printf.c.o
 .bss.load_value
                0x20002048        0x4 CMakeFiles/project-template.dir/home/hoagson/pico/pico-sdk/src/rp2_common/hardware_watchdog/watchdog.c.o
 .bss.next_buffer_ptr
                0x2000204c        0x4 CMakeFiles/project-template.dir/home/hoagson/pico/pico-sdk/lib/tinyusb/src/portable/raspberrypi/rp2040/dcd_rp2040.c.o
 .bss.one_shot_timer_crit_sec
                0x20002050        0x8 CMakeFiles/project-template.dir/home/hoagson/pico/pico-sdk/src/rp2_common/pico_stdio_usb/stdio_usb.c.o
 .bss.pools     0x20002058       0x10 CMakeFiles/project-template.dir/home/hoagson/pico/pico-sdk/src/common/pico_time/time.c.o
 .bss.raw_irq_mask
                0x20002068        0x8 CMakeFiles/project-template.dir/home/hoagson/pico/pico-sdk/src/rp2_common/hardware_gpio/gpio.c.o
 .bss.retrieved_id
                0x20002070        0x8 CMakeFiles/project-template.dir/home/hoagson/pico/pico-sdk/src/rp2_common/pico_unique_id/unique_id.c.o
 .bss.sf_clz_func
                0x20002078        0x4 CMakeFiles/project-template.dir/home/hoagson/pico/pico-sdk/src/rp2_common/pico_double/double_init_rom_rp2040.c.o
                0x20002078                sf_clz_func
 .bss.sf_table  0x2000207c      0x100 CMakeFiles/project-template.dir/home/hoagson/pico/pico-sdk/src/rp2_common/pico_float/float_init_rom_rp2040.c.o
                0x2000207c                sf_table
 .bss.sleep_notifier
                0x2000217c        0x4 CMakeFiles/project-template.dir/home/hoagson/pico/pico-sdk/src/common/pico_time/time.c.o
 .bss.stdio_usb_mutex
                0x20002180        0x8 CMakeFiles/project-template.dir/home/hoagson/pico/pico-sdk/src/rp2_common/pico_stdio_usb/stdio_usb.c.o
 .bss.usbd_serial_str
                0x20002188       0x11 CMakeFiles/project-template.dir/home/hoagson/pico/pico-sdk/src/rp2_common/pico_stdio_usb/stdio_usb_descriptors.c.o
 .bss._app_driver_count
                0x20002199        0x1 CMakeFiles/project-template.dir/home/hoagson/pico/pico-sdk/lib/tinyusb/src/device/usbd.c.o
 .bss._sof_enable
                0x2000219a        0x1 CMakeFiles/project-template.dir/home/hoagson/pico/pico-sdk/lib/tinyusb/src/portable/raspberrypi/rp2040/dcd_rp2040.c.o
 .bss._usbd_queued_setup
                0x2000219b        0x1 CMakeFiles/project-template.dir/home/hoagson/pico/pico-sdk/lib/tinyusb/src/device/usbd.c.o
 .bss.boot2_copyout_valid
                0x2000219c        0x1 CMakeFiles/project-template.dir/home/hoagson/pico/pico-sdk/src/rp2_common/hardware_flash/flash.c.o
 .bss.hot       0x2000219d        0x1 CMakeFiles/project-template.dir/main.c.o
 .bss.irq_handler_chain_free_slot_head
                0x2000219e        0x1 CMakeFiles/project-template.dir/home/hoagson/pico/pico-sdk/src/rp2_common/hardware_irq/irq.c.o
 .bss.itf_num   0x2000219f        0x1 CMakeFiles/project-template.dir/home/hoagson/pico/pico-sdk/src/rp2_common/pico_stdio_usb/reset_interface.c.o
 .bss.light_alert
                0x200021a0        0x1 CMakeFiles/project-template.dir/main.c.o
 .bss.low_priority_irq_num
                0x200021a1        0x1 CMakeFiles/project-template.dir/home/hoagson/pico/pico-sdk/src/rp2_common/pico_stdio_usb/stdio_usb.c.o
 .bss.one_shot_timer_pending
                0x200021a2        0x1 CMakeFiles/project-template.dir/home/hoagson/pico/pico-sdk/src/rp2_common/pico_stdio_usb/stdio_usb.c.o
 .bss.user_irq_claimed
                0x200021a3        0x1 CMakeFiles/project-template.dir/home/hoagson/pico/pico-sdk/src/rp2_common/hardware_irq/irq.c.o
 *(COMMON)
                0x200021a4                        . = ALIGN (0x4)
                0x200021a4                        __bss_end__ = .

.heap           0x200021a4      0x800 load address 0x10008b6c
                0x200021a4                        __end__ = .
                0x200021a4                        end = __end__
 *(.heap*)
 .heap          0x200021a4      0x800 CMakeFiles/project-template.dir/home/hoagson/pico/pico-sdk/src/rp2_common/pico_crt0/crt0.S.o
                0x20040000                        __HeapLimit = (ORIGIN (RAM) + LENGTH (RAM))

.scratch_x      0x20040000        0x0 load address 0x10008b6c
                0x20040000                        __scratch_x_start__ = .
 *(.scratch_x.*)
                0x20040000                        . = ALIGN (0x4)
                0x20040000                        __scratch_x_end__ = .
                0x10008b6c                        __scratch_x_source__ = LOADADDR (.scratch_x)

.scratch_y      0x20041000        0x0 load address 0x10008b6c
                0x20041000                        __scratch_y_start__ = .
 *(.scratch_y.*)
                0x20041000                        . = ALIGN (0x4)
                0x20041000                        __scratch_y_end__ = .
                0x10008b6c                        __scratch_y_source__ = LOADADDR (.scratch_y)

.stack1_dummy
 *(.stack1*)

.stack_dummy    0x20041000      0x800
 *(.stack*)
 .stack         0x20041000      0x800 CMakeFiles/project-template.dir/home/hoagson/pico/pico-sdk/src/rp2_common/pico_crt0/crt0.S.o

.rel.dyn        0x20041800        0x0
 .rel.iplt      0x20041800        0x0 /usr/lib/gcc/arm-none-eabi/13.2.1/thumb/v6-m/nofp/crtbegin.o

.flash_end      0x10008b6c        0x0
 *(.embedded_end_block*)
                0x10008b6c                        PROVIDE (__flash_binary_end = .)
                0x20040000                        __StackLimit = (ORIGIN (RAM) + LENGTH (RAM))
                0x20041000                        __StackOneTop = (ORIGIN (SCRATCH_X) + LENGTH (SCRATCH_X))
                0x20042000                        __StackTop = (ORIGIN (SCRATCH_Y) + LENGTH (SCRATCH_Y))
                0x20041000                        __StackOneBottom = (__StackOneTop - SIZEOF (.stack1_dummy))
                0x20041800                        __StackBottom = (__StackTop - SIZEOF (.stack_dummy))
                0x20042000                        PROVIDE (__stack = __StackTop)
                [!provide]                        PROVIDE (__heap_start = __end__)
                [!provide]                        PROVIDE (__heap_end = __HeapLimit)
                [!provide]                        PROVIDE (__tls_align = MAX (ALIGNOF (.tdata), ALIGNOF (.tbss)))
                [!provide]                        PROVIDE (__tls_size_align = (((__tls_size + __tls_align) - 0x1) & ~ ((__tls_align - 0x1))))
                [!provide]                        PROVIDE (__arm32_tls_tcb_offset = MAX (0x8, __tls_align))
                [!provide]                        PROVIDE (_end = __end__)
                [!provide]                        PROVIDE (__llvm_libc_heap_limit = __HeapLimit)
                0x00000001                        ASSERT ((__StackLimit >= __HeapLimit), region RAM overflowed)
                0x00000001                        ASSERT (((__binary_info_header_end - __logical_binary_start) <= 0x100), Binary info must be in first 256 bytes of the binary)
LOAD CMakeFiles/project-template.dir/main.c.o
LOAD CMakeFiles/project-template.dir/home/hoagson/pico/pico-sdk/src/rp2_common/pico_stdlib/stdlib.c.o
LOAD CMakeFiles/project-template.dir/home/hoagson/pico/pico-sdk/src/rp2_common/hardware_gpio/gpio.c.o
LOAD CMakeFiles/project-template.dir/home/hoagson/pico/pico-sdk/src/rp2040/pico_platform/platform.c.o
LOAD CMakeFiles/project-template.dir/home/hoagson/pico/pico-sdk/src/rp2_common/pico_platform_common/common.c.o
LOAD CMakeFiles/project-template.dir/home/hoagson/pico/pico-sdk/src/rp2_common/pico_platform_panic/panic.c.o
LOAD CMakeFiles/project-template.dir/home/hoagson/pico/pico-sdk/src/common/hardware_claim/claim.c.o
LOAD CMakeFiles/project-template.dir/home/hoagson/pico/pico-sdk/src/rp2_common/hardware_sync/sync.c.o
LOAD CMakeFiles/project-template.dir/home/hoagson/pico/pico-sdk/src/rp2_common/hardware_sync_spin_lock/sync_spin_lock.c.o
LOAD CMakeFiles/project-template.dir/home/hoagson/pico/pico-sdk/src/rp2_common/hardware_irq/irq.c.o
LOAD CMakeFiles/project-template.dir/home/hoagson/pico/pico-sdk/src/rp2_common/hardware_irq/irq_handler_chain.S.o
LOAD CMakeFiles/project-template.dir/home/hoagson/pico/pico-sdk/src/common/pico_sync/sem.c.o
LOAD CMakeFiles/project-template.dir/home/hoagson/pico/pico-sdk/src/common/pico_sync/lock_core.c.o
LOAD CMakeFiles/project-template.dir/home/hoagson/pico/pico-sdk/src/common/pico_sync/mutex.c.o
LOAD CMakeFiles/project-template.dir/home/hoagson/pico/pico-sdk/src/common/pico_sync/critical_section.c.o
LOAD CMakeFiles/project-template.dir/home/hoagson/pico/pico-sdk/src/common/pico_time/time.c.o
LOAD CMakeFiles/project-template.dir/home/hoagson/pico/pico-sdk/src/common/pico_time/timeout_helper.c.o
LOAD CMakeFiles/project-template.dir/home/hoagson/pico/pico-sdk/src/rp2_common/hardware_timer/timer.c.o
LOAD CMakeFiles/project-template.dir/home/hoagson/pico/pico-sdk/src/common/pico_util/datetime.c.o
LOAD CMakeFiles/project-template.dir/home/hoagson/pico/pico-sdk/src/common/pico_util/pheap.c.o
LOAD CMakeFiles/project-template.dir/home/hoagson/pico/pico-sdk/src/common/pico_util/queue.c.o
LOAD CMakeFiles/project-template.dir/home/hoagson/pico/pico-sdk/src/rp2_common/hardware_uart/uart.c.o
LOAD CMakeFiles/project-template.dir/home/hoagson/pico/pico-sdk/src/rp2_common/hardware_clocks/clocks.c.o
LOAD CMakeFiles/project-template.dir/home/hoagson/pico/pico-sdk/src/rp2_common/hardware_pll/pll.c.o
LOAD CMakeFiles/project-template.dir/home/hoagson/pico/pico-sdk/src/rp2_common/hardware_vreg/vreg.c.o
LOAD CMakeFiles/project-template.dir/home/hoagson/pico/pico-sdk/src/rp2_common/hardware_watchdog/watchdog.c.o
LOAD CMakeFiles/project-template.dir/home/hoagson/pico/pico-sdk/src/rp2_common/hardware_ticks/ticks.c.o
LOAD CMakeFiles/project-template.dir/home/hoagson/pico/pico-sdk/src/rp2_common/pico_bootrom/bootrom.c.o